******************************************************************************
                  TI ARM Linker PC v18.1.1                     
******************************************************************************
>> Linked Tue Jun 19 22:29:59 2018

OUTPUT FILE NAME:   <empty_EK_TM4C1294XL_TI.out>
ENTRY POINT SYMBOL: "_c_int00"  address: 00004829


MEMORY CONFIGURATION

         name            origin    length      used     unused   attr    fill
----------------------  --------  ---------  --------  --------  ----  --------
  FLASH                 00000000   00100000  00008aa8  000f7558  R  X
  SRAM                  20000000   00040000  000022ae  0003dd52  RW X


SEGMENT ALLOCATION MAP

run origin  load origin   length   init length attrs members
----------  ----------- ---------- ----------- ----- -------
00000000    00000000    00008ab0   00008ab0    r-x
  00000000    00000000    0000003c   0000003c    r-- .resetVecs
  00000040    00000040    000065f2   000065f2    r-x .text
  00006634    00006634    0000225a   0000225a    r-- .const
  00008890    00008890    00000220   00000220    r-- .cinit
20000000    20000000    000022b0   00000000    rw-
  20000000    20000000    00000360   00000000    rw- .vecs
  20000360    20000360    00001814   00000000    rw- .bss
  20001b74    20001b74    0000043a   00000000    rw- .data
  20001fb0    20001fb0    00000300   00000000    rw- .stack


SECTION ALLOCATION MAP

 output                                  attributes/
section   page    origin      length       input sections
--------  ----  ----------  ----------   ----------------
.text      0    00000040    000065f2     
                  00000040    00000430     sysbios.aem4f : BIOS.obj (.text:ti_sysbios_family_arm_m3_Hwi_excDumpRegs__I)
                  00000470    0000034c     ti.targets.arm.rtsarm.aem4f : System.oem4f (.text:xdc_runtime_System_doPrint__I)
                  000007bc    00000004     driverlib.lib : uart.obj (.text:UARTIntClear)
                  000007c0    000002d0     sysbios.aem4f : BIOS.obj (.text:ti_sysbios_knl_Semaphore_pend__E)
                  00000a90    0000026c                   : BIOS.obj (.text:ti_sysbios_heaps_HeapMem_free__E)
                  00000cfc    00000004     rtsv7M4_T_le_v4SPD16_eabi.lib : exit.c.obj (.text:abort:abort)
                  00000d00    00000250     sysbios.aem4f : BIOS.obj (.text:ti_sysbios_heaps_HeapMem_alloc__E)
                  00000f50    00000234                   : BIOS.obj (.text:ti_sysbios_knl_Task_Instance_finalize__E)
                  00001184    0000020c     drivers_tivaware.aem4f : UARTTiva.oem4f (.text:UARTTiva_open)
                  00001390    00000204     Boot.aem4f : Boot_sysctl.oem4f (.text:ti_catalog_arm_cortexm4_tiva_ce_Boot_sysCtlClockFreqSetI__I)
                  00001594    00000004     empty_pem4f.oem4f (.text:ti_sysbios_BIOS_RtsGateProxy_enter__E)
                  00001598    000001fc     sysbios.aem4f : BIOS.obj (.text:ti_sysbios_family_arm_m3_Hwi_excHandlerMax__I)
                  00001794    00000004     empty_pem4f.oem4f (.text:ti_sysbios_BIOS_RtsGateProxy_leave__E)
                  00001798    000001f0     sysbios.aem4f : BIOS.obj (.text:ti_sysbios_knl_Task_sleep__E)
                  00001988    000001c0                   : BIOS.obj (.text:ti_sysbios_knl_Task_Instance_init__E)
                  00001b48    00000174                   : BIOS.obj (.text:ti_sysbios_family_arm_m3_Hwi_excBusFault__I)
                  00001cbc    00000004                   : BIOS.obj (.text:ti_sysbios_family_arm_lm4_Timer_masterEnable__I)
                  00001cc0    00000164                   : BIOS.obj (.text:ti_sysbios_family_arm_m3_Hwi_excUsageFault__I)
                  00001e24    00000150     drivers_tivaware.aem4f : GPIOTiva.oem4f (.text:GPIO_setConfig)
                  00001f74    00000004     empty_pem4f.oem4f (.text:ti_sysbios_family_arm_m3_Hwi_destruct)
                  00001f78    00000148     sysbios.aem4f : BIOS.obj (.text:ti_sysbios_family_arm_m3_Hwi_excMemFault__I)
                  000020c0    0000013c                   : BIOS.obj (.text:ti_sysbios_heaps_HeapMem_Instance_init__E)
                  000021fc    00000004     empty_pem4f.oem4f (.text:ti_sysbios_family_arm_m3_TaskSupport_Module__startupDone__S)
                  00002200    00000134     sysbios.aem4f : BIOS.obj (.text:ti_sysbios_family_arm_lm4_Timer_start__E)
                  00002334    00000130     driverlib.lib : gpio.obj (.text:GPIOPadConfigSet)
                  00002464    00000004     empty_pem4f.oem4f (.text:ti_sysbios_heaps_HeapMem_Module_GateProxy_enter__E)
                  00002468    0000011c     sysbios.aem4f : BIOS.obj (.text:ti_sysbios_knl_Clock_Instance_init__E)
                  00002584    00000118     ti.targets.arm.rtsarm.aem4f : Error.oem4f (.text:xdc_runtime_Error_policyDefault__E)
                  0000269c    00000100                                 : Core-mem.oem4f (.text:xdc_runtime_Core_createObject__I)
                  0000279c    000000f8                                 : Startup.oem4f (.text:xdc_runtime_Startup_startMods__I)
                  00002894    000000f8     empty_pem4f.oem4f (.text:xdc_runtime_System_printfExtend__I)
                  0000298c    000000f4     empty.obj (.text:UARTFxn)
                  00002a80    000000f4     sysbios.aem4f : m3_Hwi_asm.obj (.text:ti_sysbios_family_arm_m3_Hwi_dispatch__I)
                  00002b74    000000f0     empty.obj (.text:main)
                  00002c64    00000004     empty_pem4f.oem4f (.text:ti_sysbios_heaps_HeapMem_Module_GateProxy_leave__E)
                  00002c68    000000ec     sysbios.aem4f : BIOS.obj (.text:ti_sysbios_knl_Semaphore_post__E)
                  00002d54    000000cc     ti.targets.arm.rtsarm.aem4f : Core-smem.oem4f (.text:xdc_runtime_Core_constructObject__I)
                  00002e20    000000bc     sysbios.aem4f : BIOS.obj (.text:ti_sysbios_family_arm_m3_Hwi_excDebugMon__I)
                  00002edc    00000004     empty_pem4f.oem4f (.text:ti_sysbios_knl_Clock_TimerProxy_getMaxTicks__E)
                  00002ee0    000000bc     sysbios.aem4f : BIOS.obj (.text:ti_sysbios_family_arm_m3_Hwi_excHardFault__I)
                  00002f9c    000000b8     EK_TM4C1294XL.obj (.text:EK_TM4C1294XL_initGeneral)
                  00003054    00000004     empty_pem4f.oem4f (.text:ti_sysbios_knl_Clock_destruct)
                  00003058    000000b4     sysbios.aem4f : BIOS.obj (.text:ti_sysbios_gates_GateMutex_enter__E)
                  0000310c    00000004     empty_pem4f.oem4f (.text:ti_sysbios_knl_Queue_destruct)
                  00003110    000000b4     sysbios.aem4f : BIOS.obj (.text:ti_sysbios_knl_Task_checkStacks__E)
                  000031c4    000000ac     drivers_tivaware.aem4f : UARTTiva.oem4f (.text:readTaskBlocking)
                  00003270    000000ac     sysbios.aem4f : BIOS.obj (.text:ti_sysbios_family_arm_lm4_Timer_enableTiva__I)
                  0000331c    00000004     empty_pem4f.oem4f (.text:ti_sysbios_knl_Semaphore_destruct)
                  00003320    000000a8     sysbios.aem4f : BIOS.obj (.text:ti_sysbios_family_arm_lm4_Timer_enableTimers__I)
                  000033c8    000000a8                   : BIOS.obj (.text:ti_sysbios_knl_Task_postInit__I)
                  00003470    000000a4                   : BIOS.obj (.text:ti_sysbios_knl_Clock_Instance_finalize__E)
                  00003514    000000a0     auto_init.aem4f : auto_init.oem4f (.text)
                  000035b4    000000a0     ti.targets.arm.rtsarm.aem4f : Text.oem4f (.text:xdc_runtime_Text_putMod__E)
                  00003654    0000009c     rtsv7M4_T_le_v4SPD16_eabi.lib : memcpy_t2.asm.obj (.text)
                  000036f0    0000009c     sysbios.aem4f : BIOS.obj (.text:ti_sysbios_knl_Semaphore_Instance_init__E)
                  0000378c    0000009a     ti.targets.arm.rtsarm.aem4f : Text.oem4f (.text:xdc_runtime_Text_putSite__E)
                  00003826    00000098     drivers_tivaware.aem4f : UARTTiva.oem4f (.text:UARTTiva_readPolling)
                  000038be    00000002     rtsv7M4_T_le_v4SPD16_eabi.lib : _lock.c.obj (.text:_nop)
                  000038c0    00000098     Boot.aem4f : Boot.oem4f (.text:ti_catalog_arm_cortexm4_tiva_ce_Boot_sysCtlClockFreqSet__E)
                  00003958    00000094     drivers_tivaware.aem4f : UARTTiva.oem4f (.text:UARTTiva_write)
                  000039ec    00000004     ti.targets.arm.rtsarm.aem4f : Error.oem4f (.text:xdc_runtime_Error_getSite__E)
                  000039f0    00000094     sysbios.aem4f : BIOS.obj (.text:ti_sysbios_family_arm_m3_Hwi_Instance_init__E)
                  00003a84    00000004     empty_pem4f.oem4f (.text:xdc_runtime_System_Module_GateProxy_enter__E)
                  00003a88    00000094     sysbios.aem4f : BIOS.obj (.text:ti_sysbios_family_arm_m3_Hwi_initNVIC__E)
                  00003b1c    0000008c     drivers_tivaware.aem4f : GPIOTiva.oem4f (.text:GPIO_init)
                  00003ba8    0000008c                            : UARTTiva.oem4f (.text:UARTTiva_control)
                  00003c34    0000008c     sysbios.aem4f : m3_TaskSupport_asm.obj (.text:ti_sysbios_family_arm_m3_TaskSupport_buildTaskStack)
                  00003cc0    0000008a     drivers_tivaware.aem4f : UARTTiva.oem4f (.text:readIsrTextBlocking)
                  00003d4a    00000006     driverlib.lib : gpio.obj (.text:GPIOIntClear)
                  00003d50    00000084     sysbios.aem4f : BIOS.obj (.text:ti_sysbios_family_arm_m3_Hwi_postInit__I)
                  00003dd4    00000082     drivers_tivaware.aem4f : UARTTiva.oem4f (.text:readIsrTextCallback)
                  00003e56    0000007a                            : UARTTiva.oem4f (.text:readTaskCallback)
                  00003ed0    0000007a     rtsv7M4_T_le_v4SPD16_eabi.lib : memset_t2.asm.obj (.text)
                  00003f4a    00000006     driverlib.lib : gpio.obj (.text:GPIOPinRead)
                  00003f50    00000074     sysbios.aem4f : BIOS.obj (.text:ti_sysbios_knl_Clock_start__E)
                  00003fc4    00000004     empty_pem4f.oem4f (.text:xdc_runtime_System_Module_GateProxy_leave__E)
                  00003fc8    00000070     sysbios.aem4f : BIOS.obj (.text:ti_sysbios_knl_Clock_workFunc__E)
                  00004038    00000070                   : BIOS.obj (.text:ti_sysbios_knl_Task_exit__E)
                  000040a8    0000006d     ti.targets.arm.rtsarm.aem4f : System.oem4f (.text:xdc_runtime_System_formatNum__I)
                  00004115    00000001     --HOLE-- [fill = 0]
                  00004116    00000002     rtsv7M4_T_le_v4SPD16_eabi.lib : div0.asm.obj (.text)
                  00004118    0000006c     sysbios.aem4f : BIOS.obj (.text:ti_sysbios_knl_Swi_restoreHwi__E)
                  00004184    0000006c     drivers_tivaware.aem4f : UARTTiva.oem4f (.text:writeData)
                  000041f0    0000006c     ti.targets.arm.rtsarm.aem4f : Error.oem4f (.text:xdc_runtime_Error_print__E)
                  0000425c    0000006c                                 : Memory.oem4f (.text:xdc_runtime_Memory_alloc__E)
                  000042c8    00000068     rtsv7M4_T_le_v4SPD16_eabi.lib : copy_decompress_lzss.c.obj (.text:decompress:lzss:__TI_decompress_lzss)
                  00004330    00000066     ti.targets.arm.rtsarm.aem4f : Core-mem.oem4f (.text:xdc_runtime_Core_deleteObject__I)
                  00004396    00000002     empty_pem4f.oem4f (.text:ti_sysbios_BIOS_nullFunc__I)
                  00004398    00000064     drivers_tivaware.aem4f : GPIOTiva.oem4f (.text:GPIO_hwiIntFxn)
                  000043fc    00000004     ti.targets.arm.rtsarm.aem4f : System.oem4f (.text:xdc_runtime_System_aprintf_va__F)
                  00004400    00000064     sysbios.aem4f : BIOS.obj (.text:ti_sysbios_family_arm_lm4_Timer_Module_startup__E)
                  00004464    00000064     empty_pem4f.oem4f (.text:ti_sysbios_family_arm_m3_Hwi_create)
                  000044c8    00000064     sysbios.aem4f : BIOS.obj (.text:ti_sysbios_family_arm_m3_Hwi_dispatchC__I)
                  0000452c    00000004     ti.targets.arm.rtsarm.aem4f : System.oem4f (.text:xdc_runtime_System_printf_va__F)
                  00004530    00000060     sysbios.aem4f : BIOS.obj (.text:ti_sysbios_family_arm_lm4_Timer_isrStub__E)
                  00004590    00000060                   : BIOS.obj (.text:ti_sysbios_knl_Task_schedule__I)
                  000045f0    0000005e     drivers_tivaware.aem4f : UARTTiva.oem4f (.text:readIsrBinaryBlocking)
                  0000464e    00000002     empty_pem4f.oem4f (.text:xdc_runtime_Startup_reset__I)
                  00004650    0000005c     sysbios.aem4f : BIOS.obj (.text:ti_sysbios_knl_Swi_run__I)
                  000046ac    00000004     --HOLE-- [fill = 0]
                  000046b0    0000005c                   : BIOS.obj (.text:ti_sysbios_knl_Swi_schedule__I)
                  0000470c    00000004     --HOLE-- [fill = 0]
                  00004710    0000005c                   : BIOS.obj (.text:ti_sysbios_knl_Task_Module_startup__E)
                  0000476c    00000004     --HOLE-- [fill = 0]
                  00004770    0000005c                   : BIOS.obj (.text:ti_sysbios_knl_Task_startCore__E)
                  000047cc    0000005b     ti.targets.arm.rtsarm.aem4f : Text.oem4f (.text:xdc_runtime_Text_putLab__E)
                  00004827    00000001     --HOLE-- [fill = 0]
                  00004828    00000058     boot.aem4f : boot.oem4f (.text)
                  00004880    00000058     rtsv7M4_T_le_v4SPD16_eabi.lib : hostwrite.c.obj (.text:HOSTwrite)
                  000048d8    00000058     empty_pem4f.oem4f (.text:ti_sysbios_family_arm_m3_Hwi_construct)
                  00004930    00000058     sysbios.aem4f : m3_Hwi_asm_switch.obj (.text:ti_sysbios_family_arm_m3_Hwi_initStacks__E)
                  00004988    00000056     driverlib.lib : gpio.obj (.text:GPIOIntTypeSet)
                  000049de    00000054     drivers_tivaware.aem4f : UARTTiva.oem4f (.text:readIsrBinaryCallback)
                  00004a32    00000002     --HOLE-- [fill = 0]
                  00004a34    00000054     empty_pem4f.oem4f (.text:ti_sysbios_knl_Task_construct)
                  00004a88    00000054     ti.targets.arm.rtsarm.aem4f : Assert.oem4f (.text:xdc_runtime_Assert_raise__I)
                  00004adc    00000050     EK_TM4C1294XL.obj (.text:EK_TM4C1294XL_initUART)
                  00004b2c    00000050     drivers_tivaware.aem4f : GPIOTiva.oem4f (.text:GPIO_setCallback)
                  00004b7c    00000050                            : GPIOTiva.oem4f (.text:GPIO_toggle)
                  00004bcc    00000050                            : GPIOTiva.oem4f (.text:GPIO_write)
                  00004c1c    00000050                            : UARTTiva.oem4f (.text:UARTTiva_writeCancel)
                  00004c6c    00000050     Boot.aem4f : Boot_sysctl.oem4f (.text:_SysCtlFrequencyGet)
                  00004cbc    00000004     --HOLE-- [fill = 0]
                  00004cc0    00000050     sysbios.aem4f : BIOS.obj (.text:ti_sysbios_family_arm_m3_Hwi_Module_startup__E)
                  00004d10    00000050     ti.targets.arm.rtsarm.aem4f : Startup.oem4f (.text:xdc_runtime_Startup_exec__E)
                  00004d60    00000050                                 : Text.oem4f (.text:xdc_runtime_Text_visitRope2__I)
                  00004db0    0000004c     drivers_tivaware.aem4f : UARTTiva.oem4f (.text:UARTTiva_close)
                  00004dfc    0000004c     rtsv7M4_T_le_v4SPD16_eabi.lib : cpy_tbl.c.obj (.text:copy_in)
                  00004e48    0000004c     sysbios.aem4f : BIOS.obj (.text:ti_sysbios_heaps_HeapMem_getStats__E)
                  00004e94    00000004     --HOLE-- [fill = 0]
                  00004e98    0000004c                   : BIOS.obj (.text:ti_sysbios_knl_Swi_runLoop__I)
                  00004ee4    00000004     --HOLE-- [fill = 0]
                  00004ee8    0000004c                   : BIOS.obj (.text:ti_sysbios_knl_Task_allBlockedFunction__I)
                  00004f34    00000048     driverlib.lib : gpio.obj (.text:GPIOPinConfigure)
                  00004f7c    00000004     --HOLE-- [fill = 0]
                  00004f80    00000048     sysbios.aem4f : BIOS.obj (.text:ti_sysbios_family_arm_m3_Hwi_disableInterrupt__E)
                  00004fc8    00000048                   : BIOS.obj (.text:ti_sysbios_family_arm_m3_Hwi_enableInterrupt__E)
                  00005010    00000048                   : BIOS.obj (.text:ti_sysbios_family_arm_m3_Hwi_excReserved__I)
                  00005058    00000046     drivers_tivaware.aem4f : RingBuf.oem4f (.text:RingBuf_put)
                  0000509e    00000046     ti.targets.arm.rtsarm.aem4f : Core-params.oem4f (.text:xdc_runtime_Core_assignParams__I)
                  000050e4    00000004     --HOLE-- [fill = 0]
                  000050e8    00000044     sysbios.aem4f : BIOS.obj (.text:ti_sysbios_family_arm_m3_Hwi_getStackInfo__E)
                  0000512c    00000004     --HOLE-- [fill = 0]
                  00005130    00000044                   : BIOS.obj (.text:ti_sysbios_knl_Swi_post__E)
                  00005174    00000044     ti.targets.arm.rtsarm.aem4f : Error.oem4f (.text:xdc_runtime_Error_setX__E)
                  000051b8    00000044                                 : SysMin.oem4f (.text:xdc_runtime_SysMin_flush__E)
                  000051fc    00000044                                 : Text.oem4f (.text:xdc_runtime_Text_xprintf__I)
                  00005240    00000042     driverlib.lib : uart.obj (.text:UARTConfigSetExpClk)
                  00005282    00000042     drivers_tivaware.aem4f : UARTTiva.oem4f (.text:UARTTiva_hwiIntFxn)
                  000052c4    00000042                            : UARTTiva.oem4f (.text:UARTTiva_writePolling)
                  00005306    00000040                            : RingBuf.oem4f (.text:RingBuf_get)
                  00005346    00000040                            : UARTTiva.oem4f (.text:UARTTiva_read)
                  00005386    00000040     rtsv7M4_T_le_v4SPD16_eabi.lib : u_divt2.asm.obj (.text)
                  000053c6    00000002     --HOLE-- [fill = 0]
                  000053c8    00000040     sysbios.aem4f : BIOS.obj (.text:ti_sysbios_family_arm_lm4_Timer_startup__E)
                  00005408    0000003c                   : BIOS.obj (.text:ti_sysbios_family_arm_m3_Hwi_excSvCall__I)
                  00005444    00000004     --HOLE-- [fill = 0]
                  00005448    0000003c                   : BIOS.obj (.text:ti_sysbios_heaps_HeapMem_init__I)
                  00005484    00000004     --HOLE-- [fill = 0]
                  00005488    0000003c                   : BIOS.obj (.text:ti_sysbios_knl_Swi_restore__E)
                  000054c4    00000038     drivers_tivaware.aem4f : UART.oem4f (.text:UART_init)
                  000054fc    00000038     rtsv7M4_T_le_v4SPD16_eabi.lib : trgmsg.c.obj (.text:__TI_writemsg)
                  00005534    00000004     --HOLE-- [fill = 0]
                  00005538    00000038     sysbios.aem4f : BIOS.obj (.text:ti_sysbios_family_arm_m3_Hwi_excNoIsr__I)
                  00005570    00000038                   : BIOS.obj (.text:ti_sysbios_knl_Task_processVitalTaskFlag__I)
                  000055a8    00000038     ti.targets.arm.rtsarm.aem4f : SysMin.oem4f (.text:xdc_runtime_SysMin_putch__E)
                  000055e0    00000038                                 : System.oem4f (.text:xdc_runtime_System_atexit__E)
                  00005618    00000036     drivers_tivaware.aem4f : UARTTiva.oem4f (.text:UARTTiva_readCancel)
                  0000564e    00000002     --HOLE-- [fill = 0]
                  00005650    00000034     driverlib.lib : sysctl.obj (.text:SysCtlPeripheralEnable)
                  00005684    00000034     rtsv7M4_T_le_v4SPD16_eabi.lib : trgmsg.c.obj (.text:__TI_readmsg)
                  000056b8    00000034     sysbios.aem4f : BIOS.obj (.text:ti_sysbios_family_arm_m3_Hwi_Instance_finalize__E)
                  000056ec    00000004     --HOLE-- [fill = 0]
                  000056f0    00000034                   : BIOS.obj (.text:ti_sysbios_family_arm_m3_Hwi_excNmi__I)
                  00005724    00000004     --HOLE-- [fill = 0]
                  00005728    00000034                   : BIOS.obj (.text:ti_sysbios_hal_Hwi_checkStack)
                  0000575c    00000034     empty_pem4f.oem4f (.text:ti_sysbios_knl_Clock_construct)
                  00005790    00000034     ti.targets.arm.rtsarm.aem4f : Core-label.oem4f (.text:xdc_runtime_Core_assignLabel__I)
                  000057c4    00000033                                 : Text.oem4f (.text:xdc_runtime_Text_printVisFxn__I)
                  000057f7    00000001     --HOLE-- [fill = 0]
                  000057f8    00000032     sysbios.aem4f : BIOS.obj (.text:ti_sysbios_hal_Hwi_initStack)
                  0000582a    00000002     --HOLE-- [fill = 0]
                  0000582c    00000030     drivers_tivaware.aem4f : UART.oem4f (.text:UART_open)
                  0000585c    00000030     empty_pem4f.oem4f (.text:ti_sysbios_BIOS_atExitFunc__I)
                  0000588c    00000004     --HOLE-- [fill = 0]
                  00005890    00000030     sysbios.aem4f : BIOS.obj (.text:ti_sysbios_family_arm_lm4_Timer_stop__E)
                  000058c0    00000030                   : BIOS.obj (.text:ti_sysbios_family_arm_m3_TaskSupport_start__E)
                  000058f0    00000030     empty_pem4f.oem4f (.text:ti_sysbios_gates_GateHwi_Object__create__S)
                  00005920    00000030     empty_pem4f.oem4f (.text:ti_sysbios_gates_GateMutex_Object__create__S)
                  00005950    00000030     empty_pem4f.oem4f (.text:ti_sysbios_heaps_HeapMem_Object__create__S)
                  00005980    00000030     empty_pem4f.oem4f (.text:ti_sysbios_knl_Semaphore_construct)
                  000059b0    00000030     sysbios.aem4f : BIOS.obj (.text:ti_sysbios_knl_Semaphore_pendTimeout__I)
                  000059e0    00000030                   : BIOS.obj (.text:ti_sysbios_knl_Task_unblockI__E)
                  00005a10    00000030     ti.targets.arm.rtsarm.aem4f : SysMin.oem4f (.text:xdc_runtime_SysMin_abort__E)
                  00005a40    00000030                                 : System.oem4f (.text:xdc_runtime_System_processAtExit__E)
                  00005a70    0000002c     empty_pem4f.oem4f (.text:ti_sysbios_knl_Clock_doTick__I)
                  00005a9c    0000002c     empty_pem4f.oem4f (.text:ti_sysbios_knl_Queue_construct)
                  00005ac8    0000002c     sysbios.aem4f : BIOS.obj (.text:ti_sysbios_knl_Task_restore__E)
                  00005af4    0000002c     ti.targets.arm.rtsarm.aem4f : Text.oem4f (.text:xdc_runtime_Text_cordText__E)
                  00005b20    0000002a     driverlib.lib : gpio.obj (.text:GPIODirModeSet)
                  00005b4a    0000002a     ti.targets.arm.rtsarm.aem4f : System.oem4f (.text:xdc_runtime_System_putchar__I)
                  00005b74    00000004     --HOLE-- [fill = 0]
                  00005b78    00000028     sysbios.aem4f : BIOS.obj (.text:ti_sysbios_knl_Swi_Module_startup__E)
                  00005ba0    00000026                   : m3_Hwi_asm.obj (.text:ti_sysbios_family_arm_m3_Hwi_pendSV__I)
                  00005bc6    00000026     ti.targets.arm.rtsarm.aem4f : System.oem4f (.text:xdc_runtime_System_avprintf__E)
                  00005bec    00000024     empty_pem4f.oem4f (.text:ti_sysbios_BIOS_errorRaiseHook__I)
                  00005c10    00000024     empty_pem4f.oem4f (.text:ti_sysbios_BIOS_registerRTSLock__I)
                  00005c34    00000024     empty_pem4f.oem4f (.text:ti_sysbios_BIOS_removeRTSLock__I)
                  00005c58    00000024     empty_pem4f.oem4f (.text:ti_sysbios_BIOS_startFunc__I)
                  00005c7c    00000024     empty_pem4f.oem4f (.text:ti_sysbios_gates_GateMutex_Object__delete__S)
                  00005ca0    00000024     sysbios.aem4f : BIOS.obj (.text:ti_sysbios_knl_Clock_Module_startup__E)
                  00005cc4    00000004     --HOLE-- [fill = 0]
                  00005cc8    00000024                   : BIOS.obj (.text:ti_sysbios_knl_Task_restoreHwi__E)
                  00005cec    00000024     ti.targets.arm.rtsarm.aem4f : System.oem4f (.text:xdc_runtime_System_vprintf__E)
                  00005d10    00000022     sysbios.aem4f : BIOS.obj (.text:ti_sysbios_family_arm_lm4_Timer_write__I)
                  00005d32    00000022     empty_pem4f.oem4f (.text:xdc_runtime_SysMin_output__I)
                  00005d54    00000020     Boot.aem4f : Boot_sysctl.oem4f (.text:_SysCtlMemTimingGet)
                  00005d74    00000020     empty_pem4f.oem4f (.text:ti_sysbios_BIOS_rtsLock__I)
                  00005d94    00000020     sysbios.aem4f : m3_Hwi_asm.obj (.text:ti_sysbios_family_arm_m3_Hwi_excHandlerAsm__I)
                  00005db4    00000004     --HOLE-- [fill = 0]
                  00005db8    00000020                   : BIOS.obj (.text:ti_sysbios_family_arm_m3_Hwi_excHandler__I)
                  00005dd8    00000020     empty_pem4f.oem4f (.text:ti_sysbios_gates_GateHwi_Object__delete__S)
                  00005df8    00000020     empty_pem4f.oem4f (.text:ti_sysbios_heaps_HeapMem_Object__delete__S)
                  00005e18    00000020     empty_pem4f.oem4f (.text:ti_sysbios_knl_Clock_Object__destruct__S)
                  00005e38    00000020     sysbios.aem4f : BIOS.obj (.text:ti_sysbios_knl_Idle_run__E)
                  00005e58    00000020     empty_pem4f.oem4f (.text:ti_sysbios_knl_Semaphore_Object__destruct__S)
                  00005e78    00000020     ti.targets.arm.rtsarm.aem4f : Registry.oem4f (.text:xdc_runtime_Registry_findById__E)
                  00005e98    00000020                                 : SysMin.oem4f (.text:xdc_runtime_SysMin_Module_startup__E)
                  00005eb8    0000001e     sysbios.aem4f : m3_Hwi_asm_switch.obj (.text:ti_sysbios_family_xxx_Hwi_switchAndRunFunc)
                  00005ed6    00000002     --HOLE-- [fill = 0]
                  00005ed8    0000001c     driverlib.lib : uart.obj (.text:UARTDisable)
                  00005ef4    0000001c     drivers_tivaware.aem4f : GPIOTiva.oem4f (.text:getGpioIntIndex)
                  00005f10    0000001c     empty_pem4f.oem4f (.text:ti_sysbios_family_arm_m3_Hwi_Object__destruct__S)
                  00005f2c    00000004     --HOLE-- [fill = 0]
                  00005f30    0000001c     sysbios.aem4f : BIOS.obj (.text:ti_sysbios_gates_GateMutex_Instance_init__E)
                  00005f4c    0000001c     empty_pem4f.oem4f (.text:ti_sysbios_knl_Queue_Object__destruct__S)
                  00005f68    0000001c     sysbios.aem4f : BIOS.obj (.text:ti_sysbios_knl_Task_enter__I)
                  00005f84    0000001c     ti.targets.arm.rtsarm.aem4f : Error.oem4f (.text:xdc_runtime_Error_raiseX__E)
                  00005fa0    0000001c                                 : Memory.oem4f (.text:xdc_runtime_Memory_valloc__E)
                  00005fbc    0000001c                                 : SysMin.oem4f (.text:xdc_runtime_SysMin_exit__E)
                  00005fd8    0000001c                                 : System.oem4f (.text:xdc_runtime_System_abort__E)
                  00005ff4    0000001a     empty_pem4f.oem4f (.text:ti_sysbios_family_arm_m3_Hwi_Handle__label__S)
                  0000600e    0000001a     empty_pem4f.oem4f (.text:ti_sysbios_gates_GateHwi_Handle__label__S)
                  00006028    0000001a     empty_pem4f.oem4f (.text:ti_sysbios_gates_GateMutex_Handle__label__S)
                  00006042    0000001a     empty_pem4f.oem4f (.text:ti_sysbios_heaps_HeapMem_Handle__label__S)
                  0000605c    0000001a     empty_pem4f.oem4f (.text:ti_sysbios_knl_Swi_Handle__label__S)
                  00006076    0000001a     empty_pem4f.oem4f (.text:ti_sysbios_knl_Task_Handle__label__S)
                  00006090    0000001a     empty_pem4f.oem4f (.text:xdc_runtime_System_aprintf__E)
                  000060aa    0000001a     empty_pem4f.oem4f (.text:xdc_runtime_System_printf__E)
                  000060c4    00000018     drivers_tivaware.aem4f : UART.oem4f (.text:UART_Params_init)
                  000060dc    00000018     rtsv7M4_T_le_v4SPD16_eabi.lib : args_main.c.obj (.text:_args_main)
                  000060f4    00000018     empty_pem4f.oem4f (.text:ti_sysbios_BIOS_rtsUnlock__I)
                  0000610c    00000018     empty_pem4f.oem4f (.text:ti_sysbios_family_arm_lm4_Timer_Module__startupDone__F)
                  00006124    00000018     empty_pem4f.oem4f (.text:ti_sysbios_family_arm_m3_Hwi_Module__startupDone__F)
                  0000613c    00000018     sysbios.aem4f : m3_TaskSupport_asm.obj (.text:ti_sysbios_family_arm_m3_TaskSupport_swap__E)
                  00006154    00000004     --HOLE-- [fill = 0]
                  00006158    00000018                   : BIOS.obj (.text:ti_sysbios_gates_GateMutex_leave__E)
                  00006170    00000018                   : BIOS.obj (.text:ti_sysbios_knl_Task_sleepTimeout__I)
                  00006188    00000018     ti.targets.arm.rtsarm.aem4f : Error.oem4f (.text:xdc_runtime_Error_check__E)
                  000061a0    00000018                                 : System.oem4f (.text:xdc_runtime_System_exit__E)
                  000061b8    00000018                                 : Text.oem4f (.text:xdc_runtime_Text_ropeText__E)
                  000061d0    00000016     empty_pem4f.oem4f (.text:ti_sysbios_BIOS_exitFunc__I)
                  000061e6    00000016     empty.obj (.text:ti_sysbios_knl_Task_Params_init)
                  000061fc    00000014     driverlib.lib : uart.obj (.text:UARTEnable)
                  00006210    00000014     empty.obj (.text:heartBeatFxn)
                  00006224    00000014     rtsv7M4_T_le_v4SPD16_eabi.lib : strlen.c.obj (.text:strlen)
                  00006238    00000014     empty_pem4f.oem4f (.text:ti_sysbios_family_arm_m3_Hwi_Object__get__S)
                  0000624c    00000004     --HOLE-- [fill = 0]
                  00006250    00000014     sysbios.aem4f : BIOS.obj (.text:ti_sysbios_family_arm_m3_Hwi_switchFromBootStack__E)
                  00006264    00000014     empty_pem4f.oem4f (.text:ti_sysbios_heaps_HeapMem_Object__get__S)
                  00006278    00000014     empty_pem4f.oem4f (.text:ti_sysbios_knl_Swi_Object__get__S)
                  0000628c    00000012     driverlib.lib : gpio.obj (.text:GPIOPinTypeUART)
                  0000629e    00000012     drivers_tivaware.aem4f : RingBuf.oem4f (.text:RingBuf_construct)
                  000062b0    00000012     sysbios.aem4f : BIOS.obj (.text:ti_sysbios_hal_Hwi_Module_startup__E)
                  000062c2    00000012     empty_pem4f.oem4f (.text:xdc_runtime_Startup_exec__I)
                  000062d4    00000010     empty_pem4f.oem4f (.text:.bootCodeSection:ti_catalog_arm_cortexm4_tiva_ce_Boot_init__I)
                  000062e4    00000010     drivers_tivaware.aem4f : UARTTiva.oem4f (.text:readBlockingTimeout)
                  000062f4    00000004     --HOLE-- [fill = 0]
                  000062f8    00000010     sysbios.aem4f : BIOS.obj (.text:ti_sysbios_BIOS_getCpuFreq__E)
                  00006308    00000010                   : BIOS.obj (.text:ti_sysbios_BIOS_setThreadType__E)
                  00006318    00000010                   : BIOS.obj (.text:ti_sysbios_BIOS_start__E)
                  00006328    00000010                   : m3_TaskSupport_asm.obj (.text:ti_sysbios_family_arm_m3_TaskSupport_glue)
                  00006338    00000010                   : BIOS.obj (.text:ti_sysbios_gates_GateMutex_Instance_finalize__E)
                  00006348    00000010                   : BIOS.obj (.text:ti_sysbios_knl_Semaphore_Instance_finalize__E)
                  00006358    00000010                   : BIOS.obj (.text:ti_sysbios_knl_Swi_disable__E)
                  00006368    00000010     empty_pem4f.oem4f (.text:ti_sysbios_knl_Task_Object__get__S)
                  00006378    00000010     sysbios.aem4f : BIOS.obj (.text:ti_sysbios_knl_Task_disable__E)
                  00006388    00000010     ti.targets.arm.rtsarm.aem4f : Gate.oem4f (.text:xdc_runtime_Gate_leaveSystem__E)
                  00006398    00000010                                 : Memory.oem4f (.text:xdc_runtime_Memory_free__E)
                  000063a8    00000010                                 : SysMin.oem4f (.text:xdc_runtime_SysMin_ready__E)
                  000063b8    00000010                                 : System.oem4f (.text:xdc_runtime_System_vsnprintf__E)
                  000063c8    00000010     empty_pem4f.oem4f (.text:xdc_runtime_Text_visitRope__I)
                  000063d8    0000000e     driverlib.lib : gpio.obj (.text:GPIOIntStatus)
                  000063e6    0000000e                   : uart.obj (.text:UARTCharGetNonBlocking)
                  000063f4    0000000e                   : uart.obj (.text:UARTCharPutNonBlocking)
                  00006402    0000000e     rtsv7M4_T_le_v4SPD16_eabi.lib : copy_decompress_none.c.obj (.text:decompress:none:__TI_decompress_none)
                  00006410    0000000e     sysbios.aem4f : BIOS.obj (.text:ti_sysbios_knl_Idle_loop__E)
                  0000641e    00000002     --HOLE-- [fill = 0]
                  00006420    0000000e                   : BIOS.obj (.text:ti_sysbios_knl_Queue_empty__E)
                  0000642e    0000000c     drivers_tivaware.aem4f : RingBuf.oem4f (.text:RingBuf_peek)
                  0000643a    0000000c     driverlib.lib : uart.obj (.text:UARTFlowControlSet)
                  00006446    0000000c     drivers_tivaware.aem4f : UARTTiva.oem4f (.text:UARTTiva_init)
                  00006452    00000002     --HOLE-- [fill = 0]
                  00006454    0000000c     rtsv7M4_T_le_v4SPD16_eabi.lib : _lock.c.obj (.text:_register_lock)
                  00006460    0000000c                                   : _lock.c.obj (.text:_register_unlock)
                  0000646c    0000000c                                   : copy_zero_init.c.obj (.text:decompress:ZI:__TI_zero_init)
                  00006478    0000000c     sysbios.aem4f : BIOS.obj (.text:ti_sysbios_family_arm_lm4_Timer_getMaxTicks__E)
                  00006484    0000000c     empty_pem4f.oem4f (.text:ti_sysbios_family_arm_m3_Hwi_Params__init__S)
                  00006490    0000000c     sysbios.aem4f : BIOS.obj (.text:ti_sysbios_family_arm_m3_Hwi_disableFxn__E)
                  0000649c    00000004     --HOLE-- [fill = 0]
                  000064a0    0000000c                   : BIOS.obj (.text:ti_sysbios_family_arm_m3_TaskSupport_checkStack__E)
                  000064ac    00000004     --HOLE-- [fill = 0]
                  000064b0    0000000c                   : BIOS.obj (.text:ti_sysbios_family_arm_m3_TaskSupport_getStackAlignment__E)
                  000064bc    00000004     --HOLE-- [fill = 0]
                  000064c0    0000000c                   : BIOS.obj (.text:ti_sysbios_gates_GateHwi_enter__E)
                  000064cc    0000000c     empty_pem4f.oem4f (.text:ti_sysbios_knl_Clock_Params__init__S)
                  000064d8    0000000c     empty_pem4f.oem4f (.text:ti_sysbios_knl_Queue_Object__get__S)
                  000064e4    0000000c     empty_pem4f.oem4f (.text:ti_sysbios_knl_Semaphore_Params__init__S)
                  000064f0    0000000c     empty_pem4f.oem4f (.text:ti_sysbios_knl_Task_Params__init__S)
                  000064fc    0000000c     ti.targets.arm.rtsarm.aem4f : Error.oem4f (.text:xdc_runtime_Error_init__E)
                  00006508    0000000c                                 : Gate.oem4f (.text:xdc_runtime_Gate_enterSystem__E)
                  00006514    0000000c                                 : Memory.oem4f (.text:xdc_runtime_Memory_calloc__E)
                  00006520    0000000c                                 : Memory.oem4f (.text:xdc_runtime_Memory_getMaxDefaultTypeAlign__E)
                  0000652c    0000000a     driverlib.lib : uart.obj (.text:UARTCharGet)
                  00006536    0000000a                   : uart.obj (.text:UARTCharPut)
                  00006540    0000000a                   : uart.obj (.text:UARTIntDisable)
                  0000654a    0000000a                   : uart.obj (.text:UARTIntStatus)
                  00006554    0000000a     drivers_tivaware.aem4f : UART.oem4f (.text:UART_read)
                  0000655e    0000000a                            : UART.oem4f (.text:UART_write)
                  00006568    0000000a     empty_pem4f.oem4f (.text:xdc_runtime_IHeap_alloc)
                  00006572    0000000a     empty_pem4f.oem4f (.text:xdc_runtime_IHeap_free)
                  0000657c    00000008     EK_TM4C1294XL.obj (.text:EK_TM4C1294XL_initGPIO)
                  00006584    00000008     driverlib.lib : uart.obj (.text:UARTIntEnable)
                  0000658c    00000008                   : uart.obj (.text:UARTRxErrorGet)
                  00006594    00000008     drivers_tivaware.aem4f : UARTTiva.oem4f (.text:readSemCallback)
                  0000659c    00000008     sysbios.aem4f : BIOS.obj (.text:ti_sysbios_family_arm_lm4_Timer_masterDisable__I)
                  000065a4    00000004     --HOLE-- [fill = 0]
                  000065a8    00000008                   : BIOS.obj (.text:ti_sysbios_family_arm_m3_Hwi_doSwiRestore__I)
                  000065b0    00000008                   : BIOS.obj (.text:ti_sysbios_family_arm_m3_Hwi_startup__E)
                  000065b8    00000008     drivers_tivaware.aem4f : UARTTiva.oem4f (.text:writeSemCallback)
                  000065c0    00000006     driverlib.lib : gpio.obj (.text:GPIOPinWrite)
                  000065c6    00000006                   : uart.obj (.text:UARTFIFOLevelSet)
                  000065cc    00000006                   : uart.obj (.text:UARTRxErrorClear)
                  000065d2    00000006     ti.targets.arm.rtsarm.aem4f : System.oem4f (.text:xdc_runtime_System_Module_startup__E)
                  000065d8    00000006     sysbios.aem4f : BIOS.obj (.text:ti_sysbios_family_arm_m3_Hwi_doTaskRestore__I)
                  000065de    00000002     --HOLE-- [fill = 0]
                  000065e0    00000006                   : BIOS.obj (.text:ti_sysbios_family_arm_m3_Hwi_restoreFxn__E)
                  000065e6    00000002     --HOLE-- [fill = 0]
                  000065e8    00000006                   : BIOS.obj (.text:ti_sysbios_gates_GateHwi_leave__E)
                  000065ee    00000002     --HOLE-- [fill = 0]
                  000065f0    00000006                   : BIOS.obj (.text:ti_sysbios_heaps_HeapMem_isBlocking__E)
                  000065f6    00000002     --HOLE-- [fill = 0]
                  000065f8    00000006                   : BIOS.obj (.text:ti_sysbios_knl_Clock_stop__E)
                  000065fe    00000002     --HOLE-- [fill = 0]
                  00006600    00000006                   : BIOS.obj (.text:ti_sysbios_knl_Queue_Instance_init__E)
                  00006606    00000002     --HOLE-- [fill = 0]
                  00006608    00000006                   : BIOS.obj (.text:ti_sysbios_knl_Swi_startup__E)
                  0000660e    00000002     --HOLE-- [fill = 0]
                  00006610    00000004                   : BIOS.obj (.text:ti_sysbios_gates_GateHwi_query__E)
                  00006614    00000004     --HOLE-- [fill = 0]
                  00006618    00000004                   : BIOS.obj (.text:ti_sysbios_gates_GateMutex_query__E)
                  0000661c    00000004     --HOLE-- [fill = 0]
                  00006620    00000004                   : BIOS.obj (.text:ti_sysbios_knl_Task_startup__E)
                  00006624    00000004     --HOLE-- [fill = 0]
                  00006628    00000002                   : BIOS.obj (.text:ti_sysbios_gates_GateHwi_Instance_init__E)
                  0000662a    00000006     --HOLE-- [fill = 0]
                  00006630    00000002                   : BIOS.obj (.text:ti_sysbios_knl_Clock_logTick__E)

.const     0    00006634    0000225a     
                  00006634    00001861     empty_pem4f.oem4f (.const:xdc_runtime_Text_charTab__A)
                  00007e95    00000002     empty.obj (.const:.string:$P$T3$4)
                  00007e97    00000001     empty_pem4f.oem4f (.const:xdc_runtime_Error_policy__C)
                  00007e98    00000120     Boot.aem4f : Boot_sysctl.oem4f (.const:g_pppui32XTALtoVCO)
                  00007fb8    000000bc     empty_pem4f.oem4f (.const:xdc_runtime_Text_nodeTab__A)
                  00008074    00000090     driverlib.lib : gpio.obj (.const:g_pui32GPIOBaseAddrs)
                  00008104    0000006c     Boot.aem4f : Boot_sysctl.oem4f (.const:g_pui32Xtals)
                  00008170    00000054     drivers_tivaware.aem4f : GPIOTiva.oem4f (.const:.string)
                  000081c4    0000004c                            : UARTTiva.oem4f (.const)
                  00008210    00000048     empty_pem4f.oem4f (.const:.string)
                  00008258    00000048     drivers_tivaware.aem4f : GPIOTiva.oem4f (.const:gpioBaseAddresses)
                  000082a0    0000003c     empty_pem4f.oem4f (.const:ti_sysbios_knl_Task_Object__PARAMS__C)
                  000082dc    00000030     Boot.aem4f : Boot_sysctl.oem4f (.const:g_sXTALtoMEMTIM)
                  0000830c    00000030     empty_pem4f.oem4f (.const:ti_sysbios_family_arm_m3_Hwi_Object__PARAMS__C)
                  0000833c    00000030     EK_TM4C1294XL.obj (.const:uartTivaHWAttrs)
                  0000836c    00000028     drivers_tivaware.aem4f : UARTTiva.oem4f (.const:UARTTiva_fxnTable)
                  00008394    00000028     empty_pem4f.oem4f (.const:ti_sysbios_heaps_HeapMem_Module__FXNS__C)
                  000083bc    00000024     empty.obj (.const:.string:$P$T4$5)
                  000083e0    00000024     EK_TM4C1294XL.obj (.const:UART_config)
                  00008404    00000024     drivers_tivaware.aem4f : UART.oem4f (.const:UART_defaultParams)
                  00008428    00000024     empty_pem4f.oem4f (.const:ti_sysbios_gates_GateHwi_Module__FXNS__C)
                  0000844c    00000024     empty_pem4f.oem4f (.const:ti_sysbios_gates_GateMutex_Module__FXNS__C)
                  00008470    00000024     empty_pem4f.oem4f (.const:ti_sysbios_heaps_HeapMem_Object__PARAMS__C)
                  00008494    00000024     empty_pem4f.oem4f (.const:ti_sysbios_knl_Clock_Object__PARAMS__C)
                  000084b8    00000024     empty_pem4f.oem4f (.const:ti_sysbios_knl_Semaphore_Object__PARAMS__C)
                  000084dc    00000020     empty_pem4f.oem4f (.const:ti_sysbios_family_arm_m3_Hwi_Object__DESC__C)
                  000084fc    00000020     empty_pem4f.oem4f (.const:ti_sysbios_gates_GateHwi_Object__DESC__C)
                  0000851c    00000020     empty_pem4f.oem4f (.const:ti_sysbios_gates_GateMutex_Object__DESC__C)
                  0000853c    00000020     empty_pem4f.oem4f (.const:ti_sysbios_heaps_HeapMem_Object__DESC__C)
                  0000855c    00000020     empty_pem4f.oem4f (.const:ti_sysbios_knl_Clock_Object__DESC__C)
                  0000857c    00000020     empty_pem4f.oem4f (.const:ti_sysbios_knl_Queue_Object__DESC__C)
                  0000859c    00000020     empty_pem4f.oem4f (.const:ti_sysbios_knl_Semaphore_Object__DESC__C)
                  000085bc    00000020     empty_pem4f.oem4f (.const:ti_sysbios_knl_Task_Object__DESC__C)
                  000085dc    00000020     empty_pem4f.oem4f (.const:xdc_runtime_Startup_sfxnTab__A)
                  000085fc    00000018     empty_pem4f.oem4f (.const:ti_sysbios_gates_GateHwi_Object__PARAMS__C)
                  00008614    00000018     empty_pem4f.oem4f (.const:ti_sysbios_gates_GateMutex_Object__PARAMS__C)
                  0000862c    00000018     empty_pem4f.oem4f (.const:ti_sysbios_knl_Queue_Object__PARAMS__C)
                  00008644    00000014     EK_TM4C1294XL.obj (.const:GPIOTiva_config)
                  00008658    00000014     empty_pem4f.oem4f (.const:xdc_runtime_Startup_firstFxns__A)
                  0000866c    00000010     empty_pem4f.oem4f (.const:xdc_runtime_Startup_sfxnRts__A)
                  0000867c    00000008     Boot.aem4f : Boot_sysctl.oem4f (.const)
                  00008684    00000008     empty_pem4f.oem4f (.const:ti_sysbios_family_arm_m3_Hwi_excHookFuncs__A)
                  0000868c    00000008     empty_pem4f.oem4f (.const:ti_sysbios_knl_Idle_funcList__C)
                  00008694    00000008     empty_pem4f.oem4f (.const:xdc_runtime_Startup_firstFxns__C)
                  0000869c    00000008     empty_pem4f.oem4f (.const:xdc_runtime_Startup_lastFxns__C)
                  000086a4    00000007     empty.obj (.const:.string:$P$T5$6)
                  000086ab    00000004     empty.obj (.const:.string:$P$T0$1)
                  000086af    00000004     empty.obj (.const:.string:$P$T1$2)
                  000086b3    00000004     empty.obj (.const:.string:$P$T2$3)
                  000086b7    00000001     --HOLE-- [fill = 0]
                  000086b8    00000004     empty_pem4f.oem4f (.const:ti_catalog_arm_cortexm4_tiva_ce_Boot_A_mustNotUseEnhancedClockMode__C)
                  000086bc    00000004     empty_pem4f.oem4f (.const:ti_catalog_arm_cortexm4_tiva_ce_Boot_Module__diagsEnabled__C)
                  000086c0    00000004     empty_pem4f.oem4f (.const:ti_catalog_arm_cortexm4_tiva_ce_Boot_Module__diagsIncluded__C)
                  000086c4    00000004     empty_pem4f.oem4f (.const:ti_catalog_arm_cortexm4_tiva_ce_Boot_Module__diagsMask__C)
                  000086c8    00000004     empty_pem4f.oem4f (.const:ti_sysbios_family_arm_lm4_Timer_enableFunc__C)
                  000086cc    00000004     empty_pem4f.oem4f (.const:ti_sysbios_family_arm_lm4_Timer_numTimerDevices__C)
                  000086d0    00000004     empty_pem4f.oem4f (.const:ti_sysbios_family_arm_lm4_Timer_startupNeeded__C)
                  000086d4    00000004     empty_pem4f.oem4f (.const:ti_sysbios_family_arm_m3_Hwi_E_NMI__C)
                  000086d8    00000004     empty_pem4f.oem4f (.const:ti_sysbios_family_arm_m3_Hwi_E_alreadyDefined__C)
                  000086dc    00000004     empty_pem4f.oem4f (.const:ti_sysbios_family_arm_m3_Hwi_E_busFault__C)
                  000086e0    00000004     empty_pem4f.oem4f (.const:ti_sysbios_family_arm_m3_Hwi_E_debugMon__C)
                  000086e4    00000004     empty_pem4f.oem4f (.const:ti_sysbios_family_arm_m3_Hwi_E_hardFault__C)
                  000086e8    00000004     empty_pem4f.oem4f (.const:ti_sysbios_family_arm_m3_Hwi_E_memFault__C)
                  000086ec    00000004     empty_pem4f.oem4f (.const:ti_sysbios_family_arm_m3_Hwi_E_noIsr__C)
                  000086f0    00000004     empty_pem4f.oem4f (.const:ti_sysbios_family_arm_m3_Hwi_E_reserved__C)
                  000086f4    00000004     empty_pem4f.oem4f (.const:ti_sysbios_family_arm_m3_Hwi_E_svCall__C)
                  000086f8    00000004     empty_pem4f.oem4f (.const:ti_sysbios_family_arm_m3_Hwi_E_usageFault__C)
                  000086fc    00000004     empty_pem4f.oem4f (.const:ti_sysbios_family_arm_m3_Hwi_NUM_INTERRUPTS__C)
                  00008700    00000004     empty_pem4f.oem4f (.const:ti_sysbios_family_arm_m3_Hwi_Object__count__C)
                  00008704    00000004     empty_pem4f.oem4f (.const:ti_sysbios_family_arm_m3_Hwi_ccr__C)
                  00008708    00000004     empty_pem4f.oem4f (.const:ti_sysbios_family_arm_m3_Hwi_excHandlerFunc__C)
                  0000870c    00000004     empty_pem4f.oem4f (.const:ti_sysbios_family_arm_m3_Hwi_excHookFuncs__C)
                  00008710    00000004     empty_pem4f.oem4f (.const:ti_sysbios_family_arm_m3_Hwi_nullIsrFunc__C)
                  00008714    00000004     empty_pem4f.oem4f (.const:ti_sysbios_family_arm_m3_Hwi_priGroup__C)
                  00008718    00000004     empty_pem4f.oem4f (.const:ti_sysbios_family_arm_m3_TaskSupport_stackAlignment__C)
                  0000871c    00000004     empty_pem4f.oem4f (.const:ti_sysbios_gates_GateMutex_A_badContext__C)
                  00008720    00000004     empty_pem4f.oem4f (.const:ti_sysbios_gates_GateMutex_Instance_State_sem__O)
                  00008724    00000004     empty_pem4f.oem4f (.const:ti_sysbios_gates_GateMutex_Module__diagsEnabled__C)
                  00008728    00000004     empty_pem4f.oem4f (.const:ti_sysbios_gates_GateMutex_Module__diagsIncluded__C)
                  0000872c    00000004     empty_pem4f.oem4f (.const:ti_sysbios_gates_GateMutex_Module__diagsMask__C)
                  00008730    00000004     empty_pem4f.oem4f (.const:ti_sysbios_hal_Hwi_E_stackOverflow__C)
                  00008734    00000004     empty_pem4f.oem4f (.const:ti_sysbios_heaps_HeapMem_A_align__C)
                  00008738    00000004     empty_pem4f.oem4f (.const:ti_sysbios_heaps_HeapMem_A_heapSize__C)
                  0000873c    00000004     empty_pem4f.oem4f (.const:ti_sysbios_heaps_HeapMem_A_invalidFree__C)
                  00008740    00000004     empty_pem4f.oem4f (.const:ti_sysbios_heaps_HeapMem_A_zeroBlock__C)
                  00008744    00000004     empty_pem4f.oem4f (.const:ti_sysbios_heaps_HeapMem_E_memory__C)
                  00008748    00000004     empty_pem4f.oem4f (.const:ti_sysbios_heaps_HeapMem_Module__diagsEnabled__C)
                  0000874c    00000004     empty_pem4f.oem4f (.const:ti_sysbios_heaps_HeapMem_Module__diagsIncluded__C)
                  00008750    00000004     empty_pem4f.oem4f (.const:ti_sysbios_heaps_HeapMem_Module__diagsMask__C)
                  00008754    00000004     empty_pem4f.oem4f (.const:ti_sysbios_heaps_HeapMem_Module__gateObj__C)
                  00008758    00000004     empty_pem4f.oem4f (.const:ti_sysbios_heaps_HeapMem_Object__count__C)
                  0000875c    00000004     empty_pem4f.oem4f (.const:ti_sysbios_heaps_HeapMem_reqAlign__C)
                  00008760    00000004     empty_pem4f.oem4f (.const:ti_sysbios_knl_Clock_A_badThreadType__C)
                  00008764    00000004     empty_pem4f.oem4f (.const:ti_sysbios_knl_Clock_Module_State_clockQ__O)
                  00008768    00000004     empty_pem4f.oem4f (.const:ti_sysbios_knl_Clock_Module__diagsEnabled__C)
                  0000876c    00000004     empty_pem4f.oem4f (.const:ti_sysbios_knl_Clock_Module__diagsIncluded__C)
                  00008770    00000004     empty_pem4f.oem4f (.const:ti_sysbios_knl_Clock_Module__diagsMask__C)
                  00008774    00000004     empty_pem4f.oem4f (.const:ti_sysbios_knl_Idle_funcList__A)
                  00008778    00000004     empty_pem4f.oem4f (.const:ti_sysbios_knl_Semaphore_A_badContext__C)
                  0000877c    00000004     empty_pem4f.oem4f (.const:ti_sysbios_knl_Semaphore_A_noEvents__C)
                  00008780    00000004     empty_pem4f.oem4f (.const:ti_sysbios_knl_Semaphore_A_overflow__C)
                  00008784    00000004     empty_pem4f.oem4f (.const:ti_sysbios_knl_Semaphore_A_pendTaskDisabled__C)
                  00008788    00000004     empty_pem4f.oem4f (.const:ti_sysbios_knl_Semaphore_Instance_State_pendQ__O)
                  0000878c    00000004     empty_pem4f.oem4f (.const:ti_sysbios_knl_Semaphore_Module__diagsEnabled__C)
                  00008790    00000004     empty_pem4f.oem4f (.const:ti_sysbios_knl_Semaphore_Module__diagsIncluded__C)
                  00008794    00000004     empty_pem4f.oem4f (.const:ti_sysbios_knl_Semaphore_Module__diagsMask__C)
                  00008798    00000004     empty_pem4f.oem4f (.const:ti_sysbios_knl_Swi_Object__count__C)
                  0000879c    00000004     empty_pem4f.oem4f (.const:ti_sysbios_knl_Task_A_badPriority__C)
                  000087a0    00000004     empty_pem4f.oem4f (.const:ti_sysbios_knl_Task_A_badTaskState__C)
                  000087a4    00000004     empty_pem4f.oem4f (.const:ti_sysbios_knl_Task_A_badThreadType__C)
                  000087a8    00000004     empty_pem4f.oem4f (.const:ti_sysbios_knl_Task_A_badTimeout__C)
                  000087ac    00000004     empty_pem4f.oem4f (.const:ti_sysbios_knl_Task_A_noPendElem__C)
                  000087b0    00000004     empty_pem4f.oem4f (.const:ti_sysbios_knl_Task_A_sleepTaskDisabled__C)
                  000087b4    00000004     empty_pem4f.oem4f (.const:ti_sysbios_knl_Task_E_spOutOfBounds__C)
                  000087b8    00000004     empty_pem4f.oem4f (.const:ti_sysbios_knl_Task_E_stackOverflow__C)
                  000087bc    00000004     empty_pem4f.oem4f (.const:ti_sysbios_knl_Task_Module_State_inactiveQ__O)
                  000087c0    00000004     empty_pem4f.oem4f (.const:ti_sysbios_knl_Task_Module__diagsEnabled__C)
                  000087c4    00000004     empty_pem4f.oem4f (.const:ti_sysbios_knl_Task_Module__diagsIncluded__C)
                  000087c8    00000004     empty_pem4f.oem4f (.const:ti_sysbios_knl_Task_Module__diagsMask__C)
                  000087cc    00000004     empty_pem4f.oem4f (.const:ti_sysbios_knl_Task_Object__count__C)
                  000087d0    00000004     empty_pem4f.oem4f (.const:ti_sysbios_knl_Task_allBlockedFunc__C)
                  000087d4    00000004     empty_pem4f.oem4f (.const:ti_sysbios_knl_Task_defaultStackHeap__C)
                  000087d8    00000004     empty_pem4f.oem4f (.const:ti_sysbios_knl_Task_defaultStackSize__C)
                  000087dc    00000004     empty_pem4f.oem4f (.const:ti_sysbios_knl_Task_numConstructedTasks__C)
                  000087e0    00000004     empty_pem4f.oem4f (.const:xdc_runtime_Assert_E_assertFailed__C)
                  000087e4    00000004     empty_pem4f.oem4f (.const:xdc_runtime_Core_A_initializedParams__C)
                  000087e8    00000004     empty_pem4f.oem4f (.const:xdc_runtime_Core_Module__diagsEnabled__C)
                  000087ec    00000004     empty_pem4f.oem4f (.const:xdc_runtime_Core_Module__diagsIncluded__C)
                  000087f0    00000004     empty_pem4f.oem4f (.const:xdc_runtime_Core_Module__diagsMask__C)
                  000087f4    00000004     empty_pem4f.oem4f (.const:xdc_runtime_Error_E_memory__C)
                  000087f8    00000004     empty_pem4f.oem4f (.const:xdc_runtime_Error_Module__diagsEnabled__C)
                  000087fc    00000004     empty_pem4f.oem4f (.const:xdc_runtime_Error_Module__diagsIncluded__C)
                  00008800    00000004     empty_pem4f.oem4f (.const:xdc_runtime_Error_Module__diagsMask__C)
                  00008804    00000004     empty_pem4f.oem4f (.const:xdc_runtime_Error_Module__loggerFxn8__C)
                  00008808    00000004     empty_pem4f.oem4f (.const:xdc_runtime_Error_Module__loggerObj__C)
                  0000880c    00000004     empty_pem4f.oem4f (.const:xdc_runtime_Error_policyFxn__C)
                  00008810    00000004     empty_pem4f.oem4f (.const:xdc_runtime_Error_raiseHook__C)
                  00008814    00000004     empty_pem4f.oem4f (.const:xdc_runtime_IGateProvider_Interface__BASE__C)
                  00008818    00000004     empty_pem4f.oem4f (.const:xdc_runtime_IHeap_Interface__BASE__C)
                  0000881c    00000004     empty_pem4f.oem4f (.const:xdc_runtime_IModule_Interface__BASE__C)
                  00008820    00000004     empty_pem4f.oem4f (.const:xdc_runtime_Log_L_error__C)
                  00008824    00000004     empty_pem4f.oem4f (.const:xdc_runtime_Memory_defaultHeapInstance__C)
                  00008828    00000004     empty_pem4f.oem4f (.const:xdc_runtime_Startup_execImpl__C)
                  0000882c    00000004     empty_pem4f.oem4f (.const:xdc_runtime_Startup_maxPasses__C)
                  00008830    00000004     empty_pem4f.oem4f (.const:xdc_runtime_Startup_sfxnRts__C)
                  00008834    00000004     empty_pem4f.oem4f (.const:xdc_runtime_Startup_sfxnTab__C)
                  00008838    00000004     empty_pem4f.oem4f (.const:xdc_runtime_SysMin_bufSize__C)
                  0000883c    00000004     empty_pem4f.oem4f (.const:xdc_runtime_SysMin_outputFunc__C)
                  00008840    00000004     empty_pem4f.oem4f (.const:xdc_runtime_System_Module__gateObj__C)
                  00008844    00000004     empty_pem4f.oem4f (.const:xdc_runtime_System_abortFxn__C)
                  00008848    00000004     empty_pem4f.oem4f (.const:xdc_runtime_System_exitFxn__C)
                  0000884c    00000004     empty_pem4f.oem4f (.const:xdc_runtime_System_extendFxn__C)
                  00008850    00000004     empty_pem4f.oem4f (.const:xdc_runtime_System_maxAtexitHandlers__C)
                  00008854    00000004     empty_pem4f.oem4f (.const:xdc_runtime_Text_charTab__C)
                  00008858    00000004     empty_pem4f.oem4f (.const:xdc_runtime_Text_nameEmpty__C)
                  0000885c    00000004     empty_pem4f.oem4f (.const:xdc_runtime_Text_nameStatic__C)
                  00008860    00000004     empty_pem4f.oem4f (.const:xdc_runtime_Text_nameUnknown__C)
                  00008864    00000004     empty_pem4f.oem4f (.const:xdc_runtime_Text_nodeTab__C)
                  00008868    00000004     empty_pem4f.oem4f (.const:xdc_runtime_Text_visitRopeFxn__C)
                  0000886c    00000002     empty_pem4f.oem4f (.const:ti_catalog_arm_cortexm4_tiva_ce_Boot_Module__id__C)
                  0000886e    00000002     empty_pem4f.oem4f (.const:ti_sysbios_family_arm_m3_Hwi_Module__id__C)
                  00008870    00000002     empty_pem4f.oem4f (.const:ti_sysbios_gates_GateMutex_Module__id__C)
                  00008872    00000002     empty_pem4f.oem4f (.const:ti_sysbios_hal_Hwi_Module__id__C)
                  00008874    00000002     empty_pem4f.oem4f (.const:ti_sysbios_heaps_HeapMem_Module__id__C)
                  00008876    00000002     empty_pem4f.oem4f (.const:ti_sysbios_knl_Clock_Module__id__C)
                  00008878    00000002     empty_pem4f.oem4f (.const:ti_sysbios_knl_Semaphore_Module__id__C)
                  0000887a    00000002     empty_pem4f.oem4f (.const:ti_sysbios_knl_Task_Module__id__C)
                  0000887c    00000002     empty_pem4f.oem4f (.const:xdc_runtime_Core_Module__id__C)
                  0000887e    00000002     empty_pem4f.oem4f (.const:xdc_runtime_Error_Module__loggerDefined__C)
                  00008880    00000002     empty_pem4f.oem4f (.const:xdc_runtime_Error_maxDepth__C)
                  00008882    00000002     empty_pem4f.oem4f (.const:xdc_runtime_Memory_Module__id__C)
                  00008884    00000002     empty_pem4f.oem4f (.const:xdc_runtime_SysMin_flushAtExit__C)
                  00008886    00000002     empty_pem4f.oem4f (.const:xdc_runtime_Text_charCnt__C)
                  00008888    00000002     empty_pem4f.oem4f (.const:xdc_runtime_Text_isLoaded__C)
                  0000888a    00000002     empty_pem4f.oem4f (.const:xdc_runtime_Text_registryModsLastId__C)
                  0000888c    00000002     empty_pem4f.oem4f (.const:xdc_runtime_Text_unnamedModsLastId__C)

.cinit     0    00008890    00000220     
                  00008890    000001ea     (.cinit..data.load) [load image, compression = lzss]
                  00008a7a    00000002     --HOLE-- [fill = 0]
                  00008a7c    0000000c     (__TI_handler_table)
                  00008a88    00000008     (.cinit..bss.load) [load image, compression = zero_init]
                  00008a90    00000008     (.cinit..vecs.load) [load image, compression = zero_init]
                  00008a98    00000018     (__TI_cinit_table)

.init_array 
*          0    00000000    00000000     UNINITIALIZED

.resetVecs 
*          0    00000000    0000003c     
                  00000000    0000003c     empty_pem4f.oem4f (.resetVecs)

.bss       0    20000360    00001814     UNINITIALIZED
                  20000360    00000800     (.common:task1Stack)
                  20000b60    00000400     (.common:ti_sysbios_heaps_HeapMem_Instance_State_0_buf__A)
                  20000f60    00000360     (.common:ti_sysbios_family_arm_m3_Hwi_dispatchTable)
                  200012c0    00000200     empty_pem4f.oem4f (.bss:taskStackSection)
                  200014c0    00000200     (.common:task0Stack)
                  200016c0    00000198     (.common:uartTivaObjects)
                  20001858    00000120     rtsv7M4_T_le_v4SPD16_eabi.lib : trgmsg.c.obj (.bss:_CIOBUF_)
                  20001978    00000090     drivers_tivaware.aem4f : GPIOTiva.oem4f (.bss:gpioCallbackInfo)
                  20001a08    00000080     (.common:xdc_runtime_SysMin_Module_State_0_outbuf__A)
                  20001a88    00000050     (.common:task0Struct)
                  20001ad8    00000050     (.common:task1Struct)
                  20001b28    00000040     (.common:uartTivaRingBuffer)
                  20001b68    00000008     (.common:parmbuf)
                  20001b70    00000004     (.common:gpioInterruptVectors)

.data      0    20001b74    0000043a     UNINITIALIZED
                  20001b74    00000080     empty_pem4f.oem4f (.data:ti_sysbios_knl_Swi_Module_State_0_readyQ__A)
                  20001bf4    00000080     empty_pem4f.oem4f (.data:ti_sysbios_knl_Task_Module_State_0_readyQ__A)
                  20001c74    0000004c     empty_pem4f.oem4f (.data:ti_sysbios_knl_Task_Object__table__V)
                  20001cc0    00000044     empty_pem4f.oem4f (.data:ti_sysbios_knl_Task_Module__state__V)
                  20001d04    00000040     empty_pem4f.oem4f (.data:ti_sysbios_family_arm_lm4_Timer_Module_State_0_device__A)
                  20001d44    00000040     empty_pem4f.oem4f (.data:ti_sysbios_family_arm_lm4_Timer_Object__table__V)
                  20001d84    00000038     empty_pem4f.oem4f (.data:ti_sysbios_gates_GateMutex_Object__table__V)
                  20001dbc    00000034     empty_pem4f.oem4f (.data:ti_sysbios_family_arm_m3_Hwi_Module__state__V)
                  20001df0    00000030     empty_pem4f.oem4f (.data:ti_sysbios_knl_Swi_Object__table__V)
                  20001e20    0000002c     empty_pem4f.oem4f (.data:ti_sysbios_knl_Clock_Module__state__V)
                  20001e4c    00000024     EK_TM4C1294XL.obj (.data:gpioPinConfigs)
                  20001e70    00000024     empty_pem4f.oem4f (.data:ti_sysbios_BIOS_Module__state__V)
                  20001e94    00000020     empty_pem4f.oem4f (.data:ti_sysbios_family_arm_lm4_Timer_Module_State_0_handles__A)
                  20001eb4    0000001c     empty_pem4f.oem4f (.data:ti_sysbios_knl_Swi_Module__state__V)
                  20001ed0    00000018     empty_pem4f.oem4f (.data:ti_sysbios_family_arm_m3_Hwi_Object__table__V)
                  20001ee8    00000018     empty_pem4f.oem4f (.data:ti_sysbios_heaps_HeapMem_Object__table__V)
                  20001f00    0000000c     empty_pem4f.oem4f (.data:ti_sysbios_family_arm_lm4_Timer_Module__state__V)
                  20001f0c    0000000c     empty_pem4f.oem4f (.data:xdc_runtime_SysMin_Module__state__V)
                  20001f18    00000008     rtsv7M4_T_le_v4SPD16_eabi.lib : _lock.c.obj (.data:$O1$$)
                  20001f20    00000008     EK_TM4C1294XL.obj (.data:gpioCallbackFunctions)
                  20001f28    00000008     empty_pem4f.oem4f (.data:ti_sysbios_family_arm_m3_Hwi_Module__root__V)
                  20001f30    00000008     empty_pem4f.oem4f (.data:ti_sysbios_gates_GateHwi_Module__root__V)
                  20001f38    00000008     empty_pem4f.oem4f (.data:ti_sysbios_gates_GateMutex_Module__root__V)
                  20001f40    00000008     empty_pem4f.oem4f (.data:ti_sysbios_heaps_HeapMem_Module__root__V)
                  20001f48    00000008     empty_pem4f.oem4f (.data:ti_sysbios_knl_Clock_Module__root__V)
                  20001f50    00000008     empty_pem4f.oem4f (.data:ti_sysbios_knl_Queue_Module__root__V)
                  20001f58    00000008     empty_pem4f.oem4f (.data:ti_sysbios_knl_Semaphore_Module__root__V)
                  20001f60    00000008     empty_pem4f.oem4f (.data:ti_sysbios_knl_Task_Module__root__V)
                  20001f68    00000008     empty_pem4f.oem4f (.data:xdc_runtime_Registry_Module__state__V)
                  20001f70    00000008     empty_pem4f.oem4f (.data:xdc_runtime_Startup_Module__state__V)
                  20001f78    00000008     empty_pem4f.oem4f (.data:xdc_runtime_System_Module_State_0_atexitHandlers__A)
                  20001f80    00000008     empty_pem4f.oem4f (.data:xdc_runtime_System_Module__state__V)
                  20001f88    00000005     drivers_tivaware.aem4f : GPIOTiva.oem4f (.data)
                  20001f8d    00000001     --HOLE--
                  20001f8e    00000002     empty_pem4f.oem4f (.data:ti_sysbios_family_arm_m3_Hwi_Module_State_0_excActive__A)
                  20001f90    00000004     drivers_tivaware.aem4f : UART.oem4f (.data)
                  20001f94    00000004     rtsv7M4_T_le_v4SPD16_eabi.lib : stkdepth_vars.c.obj (.data)
                  20001f98    00000004     empty_pem4f.oem4f (.data:ti_sysbios_family_arm_m3_Hwi_Module_State_0_excContext__A)
                  20001f9c    00000004     empty_pem4f.oem4f (.data:ti_sysbios_family_arm_m3_Hwi_Module_State_0_excStack__A)
                  20001fa0    00000004     empty_pem4f.oem4f (.data:ti_sysbios_gates_GateHwi_Object__table__V)
                  20001fa4    00000004     empty_pem4f.oem4f (.data:ti_sysbios_knl_Task_Module_State_0_idleTask__A)
                  20001fa8    00000004     empty_pem4f.oem4f (.data:xdc_runtime_Memory_Module__state__V)
                  20001fac    00000002     empty_pem4f.oem4f (.data:xdc_runtime_Error_Module__state__V)

.stack     0    20001fb0    00000300     UNINITIALIZED
                  20001fb0    00000300     --HOLE--

.bootVecs 
*          0    00000000    00000008     DSECT
                  00000000    00000008     boot.aem4f : boot.oem4f (.bootVecs)

.vecs      0    20000000    00000360     UNINITIALIZED
                  20000000    00000360     empty_pem4f.oem4f (.vecs)

xdc.meta   0    00000000    000000eb     COPY SECTION
                  00000000    000000eb     empty_pem4f.oem4f (xdc.meta)

MODULE SUMMARY

       Module                       code    ro data   rw data
       ------                       ----    -------   -------
    .\
       empty.obj                    526     57        2720   
       EK_TM4C1294XL.obj            272     104       516    
    +--+----------------------------+-------+---------+---------+
       Total:                       798     161       3236   
                                                             
    C:\Users\Andin\workspace_v7\empty_EK_TM4C1294XL_TI\Debug\configPkg\package\cfg\
       empty_pem4f.oem4f            1890    7788      4408   
    +--+----------------------------+-------+---------+---------+
       Total:                       1890    7788      4408   
                                                             
    C:/ti/tirtos_tivac_2_16_00_08/products/TivaWare_C_Series-2.1.1.71b/driverlib/ccs/Debug/driverlib.lib
       gpio.obj                     554     144       0      
       uart.obj                     226     0         0      
       sysctl.obj                   52      0         0      
    +--+----------------------------+-------+---------+---------+
       Total:                       832     144       0      
                                                             
    C:/ti/tirtos_tivac_2_16_00_08/products/tidrivers_tivac_2_16_00_08/packages/ti/drivers/lib/drivers_tivaware.aem4f
       UARTTiva.oem4f               2262    116       0      
       GPIOTiva.oem4f               844     156       153    
       UART.oem4f                   148     36        4      
       RingBuf.oem4f                164     0         0      
    +--+----------------------------+-------+---------+---------+
       Total:                       3418    308       157    
                                                             
    C:\Users\Andin\workspace_v7\empty_EK_TM4C1294XL_TI\src\sysbios\sysbios.aem4f
       BIOS.obj                     12516   0         0      
       m3_Hwi_asm.obj               314     0         0      
       m3_TaskSupport_asm.obj       180     0         0      
       m3_Hwi_asm_switch.obj        118     0         0      
    +--+----------------------------+-------+---------+---------+
       Total:                       13128   0         0      
                                                             
    C:\ti\ccsv7\tools\compiler\ti-cgt-arm_18.1.1.LTS\lib\rtsv7M4_T_le_v4SPD16_eabi.lib
       trgmsg.c.obj                 108     0         288    
       memcpy_t2.asm.obj            156     0         0      
       memset_t2.asm.obj            122     0         0      
       copy_decompress_lzss.c.obj   104     0         0      
       hostwrite.c.obj              88      0         0      
       cpy_tbl.c.obj                76      0         0      
       u_divt2.asm.obj              64      0         0      
       _lock.c.obj                  26      0         8      
       args_main.c.obj              24      0         0      
       strlen.c.obj                 20      0         0      
       copy_decompress_none.c.obj   14      0         0      
       copy_zero_init.c.obj         12      0         0      
       hostopen.c.obj               0       0         8      
       exit.c.obj                   4       0         0      
       stkdepth_vars.c.obj          0       0         4      
       div0.asm.obj                 2       0         0      
    +--+----------------------------+-------+---------+---------+
       Total:                       820     0         308    
                                                             
    C:\ti\tirtos_tivac_2_16_00_08\products\bios_6_45_01_29\packages\ti\catalog\arm\cortexm4\tiva\ce\lib\Boot.aem4f
       Boot_sysctl.oem4f            628     452       0      
       Boot.oem4f                   152     0         0      
    +--+----------------------------+-------+---------+---------+
       Total:                       780     452       0      
                                                             
    C:\ti\tirtos_tivac_2_16_00_08\products\bios_6_45_01_29\packages\ti\targets\arm\rtsarm\lib\auto_init.aem4f
       auto_init.oem4f              160     0         0      
    +--+----------------------------+-------+---------+---------+
       Total:                       160     0         0      
                                                             
    C:\ti\tirtos_tivac_2_16_00_08\products\bios_6_45_01_29\packages\ti\targets\arm\rtsarm\lib\boot.aem4f
       boot.oem4f                   88      0         0      
    +--+----------------------------+-------+---------+---------+
       Total:                       88      0         0      
                                                             
    C:\ti\tirtos_tivac_2_16_00_08\products\bios_6_45_01_29\packages\ti\targets\arm\rtsarm\lib\ti.targets.arm.rtsarm.aem4f
       System.oem4f                 1255    0         0      
       Text.oem4f                   672     0         0      
       Error.oem4f                  524     0         0      
       Core-mem.oem4f               358     0         0      
       Startup.oem4f                328     0         0      
       SysMin.oem4f                 248     0         0      
       Core-smem.oem4f              204     0         0      
       Memory.oem4f                 176     0         0      
       Assert.oem4f                 84      0         0      
       Core-params.oem4f            70      0         0      
       Core-label.oem4f             52      0         0      
       Registry.oem4f               32      0         0      
       Gate.oem4f                   28      0         0      
    +--+----------------------------+-------+---------+---------+
       Total:                       4031    0         0      
                                                             
       Stack:                       0       0         768    
       Linker Generated:            0       542       0      
    +--+----------------------------+-------+---------+---------+
       Grand Total:                 25945   9395      8877   


LINKER GENERATED COPY TABLES

__TI_cinit_table @ 00008a98 records: 3, size/record: 8, table size: 24
	.data: load addr=00008890, load size=000001ea bytes, run addr=20001b74, run size=0000043a bytes, compression=lzss
	.bss: load addr=00008a88, load size=00000008 bytes, run addr=20000360, run size=00001814 bytes, compression=zero_init
	.vecs: load addr=00008a90, load size=00000008 bytes, run addr=20000000, run size=00000360 bytes, compression=zero_init


LINKER GENERATED HANDLER TABLE

__TI_handler_table @ 00008a7c records: 3, size/record: 4, table size: 12
	index: 0, handler: __TI_decompress_lzss
	index: 1, handler: __TI_decompress_none
	index: 2, handler: __TI_zero_init


GLOBAL SYMBOLS: SORTED ALPHABETICALLY BY Name 

address   name                                                                 
-------   ----                                                                 
00000cfd  C$$EXIT                                                              
0000552b  C$$IO$$                                                              
0000657d  EK_TM4C1294XL_initGPIO                                               
00002f9d  EK_TM4C1294XL_initGeneral                                            
00004add  EK_TM4C1294XL_initUART                                               
00005b21  GPIODirModeSet                                                       
00003d4b  GPIOIntClear                                                         
000063d9  GPIOIntStatus                                                        
00004989  GPIOIntTypeSet                                                       
00002335  GPIOPadConfigSet                                                     
00004f35  GPIOPinConfigure                                                     
00003f4b  GPIOPinRead                                                          
0000628d  GPIOPinTypeUART                                                      
000065c1  GPIOPinWrite                                                         
00008644  GPIOTiva_config                                                      
00004399  GPIO_hwiIntFxn                                                       
00003b1d  GPIO_init                                                            
00004b2d  GPIO_setCallback                                                     
00001e25  GPIO_setConfig                                                       
00004b7d  GPIO_toggle                                                          
00004bcd  GPIO_write                                                           
00004881  HOSTwrite                                                            
0000629f  RingBuf_construct                                                    
00005307  RingBuf_get                                                          
0000642f  RingBuf_peek                                                         
00005059  RingBuf_put                                                          
UNDEFED   SHT$$INIT_ARRAY$$Base                                                
UNDEFED   SHT$$INIT_ARRAY$$Limit                                               
00005651  SysCtlPeripheralEnable                                               
0000652d  UARTCharGet                                                          
000063e7  UARTCharGetNonBlocking                                               
00006537  UARTCharPut                                                          
000063f5  UARTCharPutNonBlocking                                               
00005241  UARTConfigSetExpClk                                                  
00005ed9  UARTDisable                                                          
000061fd  UARTEnable                                                           
000065c7  UARTFIFOLevelSet                                                     
0000643b  UARTFlowControlSet                                                   
0000298d  UARTFxn                                                              
000007bd  UARTIntClear                                                         
00006541  UARTIntDisable                                                       
00006585  UARTIntEnable                                                        
0000654b  UARTIntStatus                                                        
000065cd  UARTRxErrorClear                                                     
0000658d  UARTRxErrorGet                                                       
00004db1  UARTTiva_close                                                       
00003ba9  UARTTiva_control                                                     
0000836c  UARTTiva_fxnTable                                                    
00006447  UARTTiva_init                                                        
00001185  UARTTiva_open                                                        
00005347  UARTTiva_read                                                        
00005619  UARTTiva_readCancel                                                  
00003827  UARTTiva_readPolling                                                 
00003959  UARTTiva_write                                                       
00004c1d  UARTTiva_writeCancel                                                 
000052c5  UARTTiva_writePolling                                                
000060c5  UART_Params_init                                                     
000083e0  UART_config                                                          
00008404  UART_defaultParams                                                   
000054c5  UART_init                                                            
0000582d  UART_open                                                            
00006555  UART_read                                                            
0000655f  UART_write                                                           
00000000  __ASM__                                                              
20001858  __CIOBUF_                                                            
00000069  __ISA__                                                              
0000007c  __PLAT__                                                             
200022b0  __STACK_END                                                          
00000300  __STACK_SIZE                                                         
0000009d  __TARG__                                                             
00008a98  __TI_CINIT_Base                                                      
00008ab0  __TI_CINIT_Limit                                                     
00008a7c  __TI_Handler_Table_Base                                              
[...]
000065e1  ti_sysbios_family_arm_m3_Hwi_restoreFxn__E                           
000065e1  ti_sysbios_hal_Hwi_HwiProxy_restore__E                               
000065e9  ti_sysbios_gates_GateHwi_leave__E                                    
000065f1  ti_sysbios_heaps_HeapMem_isBlocking__E                               
000065f9  ti_sysbios_knl_Clock_stop__E                                         
00006601  ti_sysbios_knl_Queue_Instance_init__E                                
00006609  ti_sysbios_knl_Swi_startup__E                                        
00006611  ti_sysbios_gates_GateHwi_query__E                                    
00006611  xdc_runtime_Main_Module_GateProxy_query__E                           
00006611  xdc_runtime_System_Module_GateProxy_query__E                         
00006619  ti_sysbios_BIOS_RtsGateProxy_query__E                                
00006619  ti_sysbios_gates_GateMutex_query__E                                  
00006619  ti_sysbios_heaps_HeapMem_Module_GateProxy_query__E                   
00006621  ti_sysbios_knl_Task_startup__E                                       
00006629  ti_sysbios_gates_GateHwi_Instance_init__E                            
00006631  ti_sysbios_knl_Clock_logTick__E                                      
00006634  xdc_runtime_Text_charTab__A                                          
00007e97  xdc_runtime_Error_policy__C                                          
00007fb8  xdc_runtime_Text_nodeTab__A                                          
000082a0  ti_sysbios_knl_Task_Object__PARAMS__C                                
0000830c  ti_sysbios_family_arm_m3_Hwi_Object__PARAMS__C                       
0000833c  uartTivaHWAttrs                                                      
0000836c  UARTTiva_fxnTable                                                    
00008394  ti_sysbios_heaps_HeapMem_Module__FXNS__C                             
000083e0  UART_config                                                          
00008404  UART_defaultParams                                                   
00008428  ti_sysbios_gates_GateHwi_Module__FXNS__C                             
0000844c  ti_sysbios_gates_GateMutex_Module__FXNS__C                           
00008470  ti_sysbios_heaps_HeapMem_Object__PARAMS__C                           
00008494  ti_sysbios_knl_Clock_Object__PARAMS__C                               
000084b8  ti_sysbios_knl_Semaphore_Object__PARAMS__C                           
000084dc  ti_sysbios_family_arm_m3_Hwi_Object__DESC__C                         
000084fc  ti_sysbios_gates_GateHwi_Object__DESC__C                             
0000851c  ti_sysbios_gates_GateMutex_Object__DESC__C                           
0000853c  ti_sysbios_heaps_HeapMem_Object__DESC__C                             
0000855c  ti_sysbios_knl_Clock_Object__DESC__C                                 
0000857c  ti_sysbios_knl_Queue_Object__DESC__C                                 
0000859c  ti_sysbios_knl_Semaphore_Object__DESC__C                             
000085bc  ti_sysbios_knl_Task_Object__DESC__C                                  
000085dc  xdc_runtime_Startup_sfxnTab__A                                       
000085fc  ti_sysbios_gates_GateHwi_Object__PARAMS__C                           
00008614  ti_sysbios_gates_GateMutex_Object__PARAMS__C                         
0000862c  ti_sysbios_knl_Queue_Object__PARAMS__C                               
00008644  GPIOTiva_config                                                      
00008658  xdc_runtime_Startup_firstFxns__A                                     
0000866c  xdc_runtime_Startup_sfxnRts__A                                       
00008684  ti_sysbios_family_arm_m3_Hwi_excHookFuncs__A                         
0000868c  ti_sysbios_knl_Idle_funcList__C                                      
00008694  xdc_runtime_Startup_firstFxns__C                                     
0000869c  xdc_runtime_Startup_lastFxns__C                                      
000086b8  ti_catalog_arm_cortexm4_tiva_ce_Boot_A_mustNotUseEnhancedClockMode__C
000086bc  ti_catalog_arm_cortexm4_tiva_ce_Boot_Module__diagsEnabled__C         
000086c0  ti_catalog_arm_cortexm4_tiva_ce_Boot_Module__diagsIncluded__C        
000086c4  ti_catalog_arm_cortexm4_tiva_ce_Boot_Module__diagsMask__C            
000086c8  ti_sysbios_family_arm_lm4_Timer_enableFunc__C                        
000086cc  ti_sysbios_family_arm_lm4_Timer_numTimerDevices__C                   
000086d0  ti_sysbios_family_arm_lm4_Timer_startupNeeded__C                     
000086d4  ti_sysbios_family_arm_m3_Hwi_E_NMI__C                                
000086d8  ti_sysbios_family_arm_m3_Hwi_E_alreadyDefined__C                     
000086dc  ti_sysbios_family_arm_m3_Hwi_E_busFault__C                           
000086e0  ti_sysbios_family_arm_m3_Hwi_E_debugMon__C                           
000086e4  ti_sysbios_family_arm_m3_Hwi_E_hardFault__C                          
000086e8  ti_sysbios_family_arm_m3_Hwi_E_memFault__C                           
000086ec  ti_sysbios_family_arm_m3_Hwi_E_noIsr__C                              
000086f0  ti_sysbios_family_arm_m3_Hwi_E_reserved__C                           
000086f4  ti_sysbios_family_arm_m3_Hwi_E_svCall__C                             
000086f8  ti_sysbios_family_arm_m3_Hwi_E_usageFault__C                         
000086fc  ti_sysbios_family_arm_m3_Hwi_NUM_INTERRUPTS__C                       
00008700  ti_sysbios_family_arm_m3_Hwi_Object__count__C                        
00008704  ti_sysbios_family_arm_m3_Hwi_ccr__C                                  
00008708  ti_sysbios_family_arm_m3_Hwi_excHandlerFunc__C                       
0000870c  ti_sysbios_family_arm_m3_Hwi_excHookFuncs__C                         
00008710  ti_sysbios_family_arm_m3_Hwi_nullIsrFunc__C                          
00008714  ti_sysbios_family_arm_m3_Hwi_priGroup__C                             
00008718  ti_sysbios_family_arm_m3_TaskSupport_stackAlignment__C               
0000871c  ti_sysbios_gates_GateMutex_A_badContext__C                           
00008720  ti_sysbios_gates_GateMutex_Instance_State_sem__O                     
00008724  ti_sysbios_gates_GateMutex_Module__diagsEnabled__C                   
00008728  ti_sysbios_gates_GateMutex_Module__diagsIncluded__C                  
0000872c  ti_sysbios_gates_GateMutex_Module__diagsMask__C                      
00008730  ti_sysbios_hal_Hwi_E_stackOverflow__C                                
00008734  ti_sysbios_heaps_HeapMem_A_align__C                                  
00008738  ti_sysbios_heaps_HeapMem_A_heapSize__C                               
0000873c  ti_sysbios_heaps_HeapMem_A_invalidFree__C                            
00008740  ti_sysbios_heaps_HeapMem_A_zeroBlock__C                              
00008744  ti_sysbios_heaps_HeapMem_E_memory__C                                 
00008748  ti_sysbios_heaps_HeapMem_Module__diagsEnabled__C                     
0000874c  ti_sysbios_heaps_HeapMem_Module__diagsIncluded__C                    
00008750  ti_sysbios_heaps_HeapMem_Module__diagsMask__C                        
00008754  ti_sysbios_heaps_HeapMem_Module__gateObj__C                          
00008758  ti_sysbios_heaps_HeapMem_Object__count__C                            
0000875c  ti_sysbios_heaps_HeapMem_reqAlign__C                                 
00008760  ti_sysbios_knl_Clock_A_badThreadType__C                              
00008764  ti_sysbios_knl_Clock_Module_State_clockQ__O                          
00008768  ti_sysbios_knl_Clock_Module__diagsEnabled__C                         
0000876c  ti_sysbios_knl_Clock_Module__diagsIncluded__C                        
00008770  ti_sysbios_knl_Clock_Module__diagsMask__C                            
00008774  ti_sysbios_knl_Idle_funcList__A                                      
00008778  ti_sysbios_knl_Semaphore_A_badContext__C                             
0000877c  ti_sysbios_knl_Semaphore_A_noEvents__C                               
00008780  ti_sysbios_knl_Semaphore_A_overflow__C                               
00008784  ti_sysbios_knl_Semaphore_A_pendTaskDisabled__C                       
00008788  ti_sysbios_knl_Semaphore_Instance_State_pendQ__O                     
0000878c  ti_sysbios_knl_Semaphore_Module__diagsEnabled__C                     
00008790  ti_sysbios_knl_Semaphore_Module__diagsIncluded__C                    
00008794  ti_sysbios_knl_Semaphore_Module__diagsMask__C                        
00008798  ti_sysbios_knl_Swi_Object__count__C                                  
0000879c  ti_sysbios_knl_Task_A_badPriority__C                                 
000087a0  ti_sysbios_knl_Task_A_badTaskState__C                                
000087a4  ti_sysbios_knl_Task_A_badThreadType__C                               
000087a8  ti_sysbios_knl_Task_A_badTimeout__C                                  
000087ac  ti_sysbios_knl_Task_A_noPendElem__C                                  
000087b0  ti_sysbios_knl_Task_A_sleepTaskDisabled__C                           
000087b4  ti_sysbios_knl_Task_E_spOutOfBounds__C                               
000087b8  ti_sysbios_knl_Task_E_stackOverflow__C                               
000087bc  ti_sysbios_knl_Task_Module_State_inactiveQ__O                        
000087c0  ti_sysbios_knl_Task_Module__diagsEnabled__C                          
000087c4  ti_sysbios_knl_Task_Module__diagsIncluded__C                         
000087c8  ti_sysbios_knl_Task_Module__diagsMask__C                             
000087cc  ti_sysbios_knl_Task_Object__count__C                                 
000087d0  ti_sysbios_knl_Task_allBlockedFunc__C                                
000087d4  ti_sysbios_knl_Task_defaultStackHeap__C                              
000087d8  ti_sysbios_knl_Task_defaultStackSize__C                              
000087dc  ti_sysbios_knl_Task_numConstructedTasks__C                           
000087e0  xdc_runtime_Assert_E_assertFailed__C                                 
000087e4  xdc_runtime_Core_A_initializedParams__C                              
000087e8  xdc_runtime_Core_Module__diagsEnabled__C                             
000087ec  xdc_runtime_Core_Module__diagsIncluded__C                            
000087f0  xdc_runtime_Core_Module__diagsMask__C                                
000087f4  xdc_runtime_Error_E_memory__C                                        
000087f8  xdc_runtime_Error_Module__diagsEnabled__C                            
000087fc  xdc_runtime_Error_Module__diagsIncluded__C                           
00008800  xdc_runtime_Error_Module__diagsMask__C                               
00008804  xdc_runtime_Error_Module__loggerFxn8__C                              
00008808  xdc_runtime_Error_Module__loggerObj__C                               
0000880c  xdc_runtime_Error_policyFxn__C                                       
00008810  xdc_runtime_Error_raiseHook__C                                       
00008814  xdc_runtime_IGateProvider_Interface__BASE__C                         
00008818  xdc_runtime_IHeap_Interface__BASE__C                                 
0000881c  xdc_runtime_IModule_Interface__BASE__C                               
00008820  xdc_runtime_Log_L_error__C                                           
00008824  xdc_runtime_Memory_defaultHeapInstance__C                            
00008828  xdc_runtime_Startup_execImpl__C                                      
0000882c  xdc_runtime_Startup_maxPasses__C                                     
00008830  xdc_runtime_Startup_sfxnRts__C                                       
00008834  xdc_runtime_Startup_sfxnTab__C                                       
00008838  xdc_runtime_SysMin_bufSize__C                                        
0000883c  xdc_runtime_SysMin_outputFunc__C                                     
00008840  xdc_runtime_System_Module__gateObj__C                                
00008844  xdc_runtime_System_abortFxn__C                                       
00008848  xdc_runtime_System_exitFxn__C                                        
0000884c  xdc_runtime_System_extendFxn__C                                      
00008850  xdc_runtime_System_maxAtexitHandlers__C                              
00008854  xdc_runtime_Text_charTab__C                                          
00008858  xdc_runtime_Text_nameEmpty__C                                        
0000885c  xdc_runtime_Text_nameStatic__C                                       
00008860  xdc_runtime_Text_nameUnknown__C                                      
00008864  xdc_runtime_Text_nodeTab__C                                          
00008868  xdc_runtime_Text_visitRopeFxn__C                                     
0000886c  ti_catalog_arm_cortexm4_tiva_ce_Boot_Module__id__C                   
0000886e  ti_sysbios_family_arm_m3_Hwi_Module__id__C                           
00008870  ti_sysbios_gates_GateMutex_Module__id__C                             
00008872  ti_sysbios_hal_Hwi_Module__id__C                                     
00008874  ti_sysbios_heaps_HeapMem_Module__id__C                               
00008876  ti_sysbios_knl_Clock_Module__id__C                                   
00008878  ti_sysbios_knl_Semaphore_Module__id__C                               
0000887a  ti_sysbios_knl_Task_Module__id__C                                    
0000887c  xdc_runtime_Core_Module__id__C                                       
0000887e  xdc_runtime_Error_Module__loggerDefined__C                           
00008880  xdc_runtime_Error_maxDepth__C                                        
00008882  xdc_runtime_Memory_Module__id__C                                     
00008884  xdc_runtime_SysMin_flushAtExit__C                                    
00008886  xdc_runtime_Text_charCnt__C                                          
00008888  xdc_runtime_Text_isLoaded__C                                         
0000888a  xdc_runtime_Text_registryModsLastId__C                               
0000888c  xdc_runtime_Text_unnamedModsLastId__C                                
00008890  __TI_static_base__                                                   
00008a7c  __TI_Handler_Table_Base                                              
00008a88  __TI_Handler_Table_Limit                                             
00008a98  __TI_CINIT_Base                                                      
00008ab0  __TI_CINIT_Limit                                                     
20000000  ti_sysbios_family_arm_m3_Hwi_ramVectors                              
20000360  task1Stack                                                           
20000b60  ti_sysbios_heaps_HeapMem_Instance_State_0_buf__A                     
20000f60  ti_sysbios_family_arm_m3_Hwi_dispatchTable                           
200012c0  ti_sysbios_knl_Task_Instance_State_0_stack__A                        
200014c0  task0Stack                                                           
200016c0  uartTivaObjects                                                      
20001858  __CIOBUF_                                                            
20001a08  xdc_runtime_SysMin_Module_State_0_outbuf__A                          
20001a88  task0Struct                                                          
20001ad8  task1Struct                                                          
20001b28  uartTivaRingBuffer                                                   
20001b68  parmbuf                                                              
20001b74  ti_sysbios_knl_Swi_Module_State_0_readyQ__A                          
20001bf4  ti_sysbios_knl_Task_Module_State_0_readyQ__A                         
20001c74  ti_sysbios_knl_Task_Object__table__V                                 
20001cc0  ti_sysbios_knl_Task_Module__state__V                                 
20001d04  ti_sysbios_family_arm_lm4_Timer_Module_State_0_device__A             
20001d44  ti_sysbios_family_arm_lm4_Timer_Object__table__V                     
20001d84  ti_sysbios_gates_GateMutex_Object__table__V                          
20001dbc  ti_sysbios_family_arm_m3_Hwi_Module__state__V                        
20001df0  ti_sysbios_knl_Swi_Object__table__V                                  
20001e20  ti_sysbios_knl_Clock_Module__state__V                                
20001e4c  gpioPinConfigs                                                       
20001e70  ti_sysbios_BIOS_Module__state__V                                     
20001e94  ti_sysbios_family_arm_lm4_Timer_Module_State_0_handles__A            
20001eb4  ti_sysbios_knl_Swi_Module__state__V                                  
20001ed0  ti_sysbios_family_arm_m3_Hwi_Object__table__V                        
20001ee8  ti_sysbios_heaps_HeapMem_Object__table__V                            
20001f00  ti_sysbios_family_arm_lm4_Timer_Module__state__V                     
20001f0c  xdc_runtime_SysMin_Module__state__V                                  
20001f18  _lock                                                                
20001f1c  _unlock                                                              
20001f20  gpioCallbackFunctions                                                
20001f28  ti_sysbios_family_arm_m3_Hwi_Module__root__V                         
20001f30  ti_sysbios_gates_GateHwi_Module__root__V                             
20001f38  ti_sysbios_gates_GateMutex_Module__root__V                           
20001f40  ti_sysbios_heaps_HeapMem_Module__root__V                             
20001f48  ti_sysbios_knl_Clock_Module__root__V                                 
20001f50  ti_sysbios_knl_Queue_Module__root__V                                 
20001f58  ti_sysbios_knl_Semaphore_Module__root__V                             
20001f60  ti_sysbios_knl_Task_Module__root__V                                  
20001f68  xdc_runtime_Registry_Module__state__V                                
20001f70  xdc_runtime_Startup_Module__state__V                                 
20001f78  xdc_runtime_System_Module_State_0_atexitHandlers__A                  
20001f80  xdc_runtime_System_Module__state__V                                  
20001f8e  ti_sysbios_family_arm_m3_Hwi_Module_State_0_excActive__A             
20001f94  main_func_sp                                                         
20001f98  ti_sysbios_family_arm_m3_Hwi_Module_State_0_excContext__A            
20001f9c  ti_sysbios_family_arm_m3_Hwi_Module_State_0_excStack__A              
20001fa0  ti_sysbios_gates_GateHwi_Object__table__V                            
20001fa4  ti_sysbios_knl_Task_Module_State_0_idleTask__A                       
20001fa8  xdc_runtime_Memory_Module__state__V                                  
20001fac  xdc_runtime_Error_Module__state__V                                   
20001fb0  __stack                                                              
200022b0  __STACK_END                                                          
e000e000  ti_sysbios_family_arm_m3_Hwi_nvic                                    
ffffffff  __TI_pprof_out_hndl                                                  
ffffffff  __TI_prof_data_size                                                  
ffffffff  __TI_prof_data_start                                                 
ffffffff  __binit__                                                            
ffffffff  __c_args__                                                           
ffffffff  binit                                                                
UNDEFED   SHT$$INIT_ARRAY$$Base                                                
UNDEFED   SHT$$INIT_ARRAY$$Limit                                               

[607 symbols]
