******************************************************************************
                  TI ARM Linker PC v18.1.1                     
******************************************************************************
>> Linked Thu Jun 21 21:38:30 2018

OUTPUT FILE NAME:   <UART_sensor_test_EK_TM4C1294XL_TI.out>
ENTRY POINT SYMBOL: "_c_int00"  address: 000047f1


MEMORY CONFIGURATION

         name            origin    length      used     unused   attr    fill
----------------------  --------  ---------  --------  --------  ----  --------
  FLASH                 00000000   00100000  00008a3c  000f75c4  R  X
  SRAM                  20000000   00040000  000022ae  0003dd52  RW X


SEGMENT ALLOCATION MAP

run origin  load origin   length   init length attrs members
----------  ----------- ---------- ----------- ----- -------
00000000    00000000    00008a48   00008a48    r-x
  00000000    00000000    0000003c   0000003c    r-- .resetVecs
  00000040    00000040    000065ba   000065ba    r-x .text
  000065fc    000065fc    00002226   00002226    r-- .const
  00008828    00008828    00000220   00000220    r-- .cinit
20000000    20000000    000022b0   00000000    rw-
  20000000    20000000    00000360   00000000    rw- .vecs
  20000360    20000360    00001814   00000000    rw- .bss
  20001b74    20001b74    0000043a   00000000    rw- .data
  20001fb0    20001fb0    00000300   00000000    rw- .stack


SECTION ALLOCATION MAP

 output                                  attributes/
section   page    origin      length       input sections
--------  ----  ----------  ----------   ----------------
.text      0    00000040    000065ba     
                  00000040    00000430     sysbios.aem4f : BIOS.obj (.text:ti_sysbios_family_arm_m3_Hwi_excDumpRegs__I)
                  00000470    0000034c     ti.targets.arm.rtsarm.aem4f : System.oem4f (.text:xdc_runtime_System_doPrint__I)
                  000007bc    00000004     driverlib.lib : uart.obj (.text:UARTIntClear)
                  000007c0    000002d0     sysbios.aem4f : BIOS.obj (.text:ti_sysbios_knl_Semaphore_pend__E)
                  00000a90    0000026c                   : BIOS.obj (.text:ti_sysbios_heaps_HeapMem_free__E)
                  00000cfc    00000004     rtsv7M4_T_le_v4SPD16_eabi.lib : exit.c.obj (.text:abort:abort)
                  00000d00    00000250     sysbios.aem4f : BIOS.obj (.text:ti_sysbios_heaps_HeapMem_alloc__E)
                  00000f50    00000234                   : BIOS.obj (.text:ti_sysbios_knl_Task_Instance_finalize__E)
                  00001184    0000020c     drivers_tivaware.aem4f : UARTTiva.oem4f (.text:UARTTiva_open)
                  00001390    00000204     Boot.aem4f : Boot_sysctl.oem4f (.text:ti_catalog_arm_cortexm4_tiva_ce_Boot_sysCtlClockFreqSetI__I)
                  00001594    00000004     empty_pem4f.oem4f (.text:ti_sysbios_BIOS_RtsGateProxy_enter__E)
                  00001598    000001fc     sysbios.aem4f : BIOS.obj (.text:ti_sysbios_family_arm_m3_Hwi_excHandlerMax__I)
                  00001794    00000004     empty_pem4f.oem4f (.text:ti_sysbios_BIOS_RtsGateProxy_leave__E)
                  00001798    000001f0     sysbios.aem4f : BIOS.obj (.text:ti_sysbios_knl_Task_sleep__E)
                  00001988    000001c0                   : BIOS.obj (.text:ti_sysbios_knl_Task_Instance_init__E)
                  00001b48    00000174                   : BIOS.obj (.text:ti_sysbios_family_arm_m3_Hwi_excBusFault__I)
                  00001cbc    00000004                   : BIOS.obj (.text:ti_sysbios_family_arm_lm4_Timer_masterEnable__I)
                  00001cc0    00000164                   : BIOS.obj (.text:ti_sysbios_family_arm_m3_Hwi_excUsageFault__I)
                  00001e24    00000150     drivers_tivaware.aem4f : GPIOTiva.oem4f (.text:GPIO_setConfig)
                  00001f74    00000004     empty_pem4f.oem4f (.text:ti_sysbios_family_arm_m3_Hwi_destruct)
                  00001f78    00000148     sysbios.aem4f : BIOS.obj (.text:ti_sysbios_family_arm_m3_Hwi_excMemFault__I)
                  000020c0    0000013c                   : BIOS.obj (.text:ti_sysbios_heaps_HeapMem_Instance_init__E)
                  000021fc    00000004     empty_pem4f.oem4f (.text:ti_sysbios_family_arm_m3_TaskSupport_Module__startupDone__S)
                  00002200    00000134     sysbios.aem4f : BIOS.obj (.text:ti_sysbios_family_arm_lm4_Timer_start__E)
                  00002334    00000130     driverlib.lib : gpio.obj (.text:GPIOPadConfigSet)
                  00002464    00000004     empty_pem4f.oem4f (.text:ti_sysbios_heaps_HeapMem_Module_GateProxy_enter__E)
                  00002468    0000011c     sysbios.aem4f : BIOS.obj (.text:ti_sysbios_knl_Clock_Instance_init__E)
                  00002584    00000118     ti.targets.arm.rtsarm.aem4f : Error.oem4f (.text:xdc_runtime_Error_policyDefault__E)
                  0000269c    00000100                                 : Core-mem.oem4f (.text:xdc_runtime_Core_createObject__I)
                  0000279c    000000f8                                 : Startup.oem4f (.text:xdc_runtime_Startup_startMods__I)
                  00002894    000000f8     empty_pem4f.oem4f (.text:xdc_runtime_System_printfExtend__I)
                  0000298c    000000f4     sysbios.aem4f : m3_Hwi_asm.obj (.text:ti_sysbios_family_arm_m3_Hwi_dispatch__I)
                  00002a80    000000f0     main.obj (.text:main)
                  00002b70    000000ec     sysbios.aem4f : BIOS.obj (.text:ti_sysbios_knl_Semaphore_post__E)
                  00002c5c    000000cc     ti.targets.arm.rtsarm.aem4f : Core-smem.oem4f (.text:xdc_runtime_Core_constructObject__I)
                  00002d28    000000c0     main.obj (.text:UARTFxn)
                  00002de8    000000bc     sysbios.aem4f : BIOS.obj (.text:ti_sysbios_family_arm_m3_Hwi_excDebugMon__I)
                  00002ea4    00000004     empty_pem4f.oem4f (.text:ti_sysbios_heaps_HeapMem_Module_GateProxy_leave__E)
                  00002ea8    000000bc     sysbios.aem4f : BIOS.obj (.text:ti_sysbios_family_arm_m3_Hwi_excHardFault__I)
                  00002f64    000000b8     EK_TM4C1294XL.obj (.text:EK_TM4C1294XL_initGeneral)
                  0000301c    00000004     empty_pem4f.oem4f (.text:ti_sysbios_knl_Clock_TimerProxy_getMaxTicks__E)
                  00003020    000000b4     sysbios.aem4f : BIOS.obj (.text:ti_sysbios_gates_GateMutex_enter__E)
                  000030d4    00000004     empty_pem4f.oem4f (.text:ti_sysbios_knl_Clock_destruct)
                  000030d8    000000b4     sysbios.aem4f : BIOS.obj (.text:ti_sysbios_knl_Task_checkStacks__E)
                  0000318c    000000ac     drivers_tivaware.aem4f : UARTTiva.oem4f (.text:readTaskBlocking)
                  00003238    000000ac     sysbios.aem4f : BIOS.obj (.text:ti_sysbios_family_arm_lm4_Timer_enableTiva__I)
                  000032e4    00000004     empty_pem4f.oem4f (.text:ti_sysbios_knl_Queue_destruct)
                  000032e8    000000a8     sysbios.aem4f : BIOS.obj (.text:ti_sysbios_family_arm_lm4_Timer_enableTimers__I)
                  00003390    000000a8                   : BIOS.obj (.text:ti_sysbios_knl_Task_postInit__I)
                  00003438    000000a4                   : BIOS.obj (.text:ti_sysbios_knl_Clock_Instance_finalize__E)
                  000034dc    000000a0     auto_init.aem4f : auto_init.oem4f (.text)
                  0000357c    000000a0     ti.targets.arm.rtsarm.aem4f : Text.oem4f (.text:xdc_runtime_Text_putMod__E)
                  0000361c    0000009c     rtsv7M4_T_le_v4SPD16_eabi.lib : memcpy_t2.asm.obj (.text)
                  000036b8    0000009c     sysbios.aem4f : BIOS.obj (.text:ti_sysbios_knl_Semaphore_Instance_init__E)
                  00003754    0000009a     ti.targets.arm.rtsarm.aem4f : Text.oem4f (.text:xdc_runtime_Text_putSite__E)
                  000037ee    00000098     drivers_tivaware.aem4f : UARTTiva.oem4f (.text:UARTTiva_readPolling)
                  00003886    00000002     rtsv7M4_T_le_v4SPD16_eabi.lib : _lock.c.obj (.text:_nop)
                  00003888    00000098     Boot.aem4f : Boot.oem4f (.text:ti_catalog_arm_cortexm4_tiva_ce_Boot_sysCtlClockFreqSet__E)
                  00003920    00000094     drivers_tivaware.aem4f : UARTTiva.oem4f (.text:UARTTiva_write)
                  000039b4    00000004     empty_pem4f.oem4f (.text:ti_sysbios_knl_Semaphore_destruct)
                  000039b8    00000094     sysbios.aem4f : BIOS.obj (.text:ti_sysbios_family_arm_m3_Hwi_Instance_init__E)
                  00003a4c    00000004     ti.targets.arm.rtsarm.aem4f : Error.oem4f (.text:xdc_runtime_Error_getSite__E)
                  00003a50    00000094     sysbios.aem4f : BIOS.obj (.text:ti_sysbios_family_arm_m3_Hwi_initNVIC__E)
                  00003ae4    0000008c     drivers_tivaware.aem4f : GPIOTiva.oem4f (.text:GPIO_init)
                  00003b70    0000008c                            : UARTTiva.oem4f (.text:UARTTiva_control)
                  00003bfc    0000008c     sysbios.aem4f : m3_TaskSupport_asm.obj (.text:ti_sysbios_family_arm_m3_TaskSupport_buildTaskStack)
                  00003c88    0000008a     drivers_tivaware.aem4f : UARTTiva.oem4f (.text:readIsrTextBlocking)
                  00003d12    00000006     driverlib.lib : gpio.obj (.text:GPIOIntClear)
                  00003d18    00000084     sysbios.aem4f : BIOS.obj (.text:ti_sysbios_family_arm_m3_Hwi_postInit__I)
                  00003d9c    00000082     drivers_tivaware.aem4f : UARTTiva.oem4f (.text:readIsrTextCallback)
                  00003e1e    0000007a                            : UARTTiva.oem4f (.text:readTaskCallback)
                  00003e98    0000007a     rtsv7M4_T_le_v4SPD16_eabi.lib : memset_t2.asm.obj (.text)
                  00003f12    00000006     driverlib.lib : gpio.obj (.text:GPIOPinRead)
                  00003f18    00000074     sysbios.aem4f : BIOS.obj (.text:ti_sysbios_knl_Clock_start__E)
                  00003f8c    00000004     empty_pem4f.oem4f (.text:xdc_runtime_System_Module_GateProxy_enter__E)
                  00003f90    00000070     sysbios.aem4f : BIOS.obj (.text:ti_sysbios_knl_Clock_workFunc__E)
                  00004000    00000070                   : BIOS.obj (.text:ti_sysbios_knl_Task_exit__E)
                  00004070    0000006d     ti.targets.arm.rtsarm.aem4f : System.oem4f (.text:xdc_runtime_System_formatNum__I)
                  000040dd    00000001     --HOLE-- [fill = 0]
                  000040de    00000002     rtsv7M4_T_le_v4SPD16_eabi.lib : div0.asm.obj (.text)
                  000040e0    0000006c     sysbios.aem4f : BIOS.obj (.text:ti_sysbios_knl_Swi_restoreHwi__E)
                  0000414c    0000006c     drivers_tivaware.aem4f : UARTTiva.oem4f (.text:writeData)
                  000041b8    0000006c     ti.targets.arm.rtsarm.aem4f : Error.oem4f (.text:xdc_runtime_Error_print__E)
                  00004224    0000006c                                 : Memory.oem4f (.text:xdc_runtime_Memory_alloc__E)
                  00004290    00000068     rtsv7M4_T_le_v4SPD16_eabi.lib : copy_decompress_lzss.c.obj (.text:decompress:lzss:__TI_decompress_lzss)
                  000042f8    00000066     ti.targets.arm.rtsarm.aem4f : Core-mem.oem4f (.text:xdc_runtime_Core_deleteObject__I)
                  0000435e    00000002     empty_pem4f.oem4f (.text:ti_sysbios_BIOS_nullFunc__I)
                  00004360    00000064     drivers_tivaware.aem4f : GPIOTiva.oem4f (.text:GPIO_hwiIntFxn)
                  000043c4    00000004     empty_pem4f.oem4f (.text:xdc_runtime_System_Module_GateProxy_leave__E)
                  000043c8    00000064     sysbios.aem4f : BIOS.obj (.text:ti_sysbios_family_arm_lm4_Timer_Module_startup__E)
                  0000442c    00000064     empty_pem4f.oem4f (.text:ti_sysbios_family_arm_m3_Hwi_create)
                  00004490    00000064     sysbios.aem4f : BIOS.obj (.text:ti_sysbios_family_arm_m3_Hwi_dispatchC__I)
                  000044f4    00000004     ti.targets.arm.rtsarm.aem4f : System.oem4f (.text:xdc_runtime_System_aprintf_va__F)
                  000044f8    00000060     sysbios.aem4f : BIOS.obj (.text:ti_sysbios_family_arm_lm4_Timer_isrStub__E)
                  00004558    00000060                   : BIOS.obj (.text:ti_sysbios_knl_Task_schedule__I)
                  000045b8    0000005e     drivers_tivaware.aem4f : UARTTiva.oem4f (.text:readIsrBinaryBlocking)
                  00004616    00000002     empty_pem4f.oem4f (.text:xdc_runtime_Startup_reset__I)
                  00004618    0000005c     sysbios.aem4f : BIOS.obj (.text:ti_sysbios_knl_Swi_run__I)
                  00004674    00000004     ti.targets.arm.rtsarm.aem4f : System.oem4f (.text:xdc_runtime_System_printf_va__F)
                  00004678    0000005c     sysbios.aem4f : BIOS.obj (.text:ti_sysbios_knl_Swi_schedule__I)
                  000046d4    00000004     --HOLE-- [fill = 0]
                  000046d8    0000005c                   : BIOS.obj (.text:ti_sysbios_knl_Task_Module_startup__E)
                  00004734    00000004     --HOLE-- [fill = 0]
                  00004738    0000005c                   : BIOS.obj (.text:ti_sysbios_knl_Task_startCore__E)
                  00004794    0000005b     ti.targets.arm.rtsarm.aem4f : Text.oem4f (.text:xdc_runtime_Text_putLab__E)
                  000047ef    00000001     --HOLE-- [fill = 0]
                  000047f0    00000058     boot.aem4f : boot.oem4f (.text)
                  00004848    00000058     rtsv7M4_T_le_v4SPD16_eabi.lib : hostwrite.c.obj (.text:HOSTwrite)
                  000048a0    00000058     empty_pem4f.oem4f (.text:ti_sysbios_family_arm_m3_Hwi_construct)
                  000048f8    00000058     sysbios.aem4f : m3_Hwi_asm_switch.obj (.text:ti_sysbios_family_arm_m3_Hwi_initStacks__E)
                  00004950    00000056     driverlib.lib : gpio.obj (.text:GPIOIntTypeSet)
                  000049a6    00000054     drivers_tivaware.aem4f : UARTTiva.oem4f (.text:readIsrBinaryCallback)
                  000049fa    00000002     --HOLE-- [fill = 0]
                  000049fc    00000054     empty_pem4f.oem4f (.text:ti_sysbios_knl_Task_construct)
                  00004a50    00000054     ti.targets.arm.rtsarm.aem4f : Assert.oem4f (.text:xdc_runtime_Assert_raise__I)
                  00004aa4    00000050     EK_TM4C1294XL.obj (.text:EK_TM4C1294XL_initUART)
                  00004af4    00000050     drivers_tivaware.aem4f : GPIOTiva.oem4f (.text:GPIO_setCallback)
                  00004b44    00000050                            : GPIOTiva.oem4f (.text:GPIO_toggle)
                  00004b94    00000050                            : GPIOTiva.oem4f (.text:GPIO_write)
                  00004be4    00000050                            : UARTTiva.oem4f (.text:UARTTiva_writeCancel)
                  00004c34    00000050     Boot.aem4f : Boot_sysctl.oem4f (.text:_SysCtlFrequencyGet)
                  00004c84    00000004     --HOLE-- [fill = 0]
                  00004c88    00000050     sysbios.aem4f : BIOS.obj (.text:ti_sysbios_family_arm_m3_Hwi_Module_startup__E)
                  00004cd8    00000050     ti.targets.arm.rtsarm.aem4f : Startup.oem4f (.text:xdc_runtime_Startup_exec__E)
                  00004d28    00000050                                 : Text.oem4f (.text:xdc_runtime_Text_visitRope2__I)
                  00004d78    0000004c     drivers_tivaware.aem4f : UARTTiva.oem4f (.text:UARTTiva_close)
                  00004dc4    0000004c     rtsv7M4_T_le_v4SPD16_eabi.lib : cpy_tbl.c.obj (.text:copy_in)
                  00004e10    0000004c     sysbios.aem4f : BIOS.obj (.text:ti_sysbios_heaps_HeapMem_getStats__E)
                  00004e5c    00000004     --HOLE-- [fill = 0]
                  00004e60    0000004c                   : BIOS.obj (.text:ti_sysbios_knl_Swi_runLoop__I)
                  00004eac    00000004     --HOLE-- [fill = 0]
                  00004eb0    0000004c                   : BIOS.obj (.text:ti_sysbios_knl_Task_allBlockedFunction__I)
                  00004efc    00000048     driverlib.lib : gpio.obj (.text:GPIOPinConfigure)
                  00004f44    00000004     --HOLE-- [fill = 0]
                  00004f48    00000048     sysbios.aem4f : BIOS.obj (.text:ti_sysbios_family_arm_m3_Hwi_disableInterrupt__E)
                  00004f90    00000048                   : BIOS.obj (.text:ti_sysbios_family_arm_m3_Hwi_enableInterrupt__E)
                  00004fd8    00000048                   : BIOS.obj (.text:ti_sysbios_family_arm_m3_Hwi_excReserved__I)
                  00005020    00000046     drivers_tivaware.aem4f : RingBuf.oem4f (.text:RingBuf_put)
                  00005066    00000046     ti.targets.arm.rtsarm.aem4f : Core-params.oem4f (.text:xdc_runtime_Core_assignParams__I)
                  000050ac    00000004     --HOLE-- [fill = 0]
                  000050b0    00000044     sysbios.aem4f : BIOS.obj (.text:ti_sysbios_family_arm_m3_Hwi_getStackInfo__E)
                  000050f4    00000004     --HOLE-- [fill = 0]
                  000050f8    00000044                   : BIOS.obj (.text:ti_sysbios_knl_Swi_post__E)
                  0000513c    00000044     ti.targets.arm.rtsarm.aem4f : Error.oem4f (.text:xdc_runtime_Error_setX__E)
                  00005180    00000044                                 : SysMin.oem4f (.text:xdc_runtime_SysMin_flush__E)
                  000051c4    00000044                                 : Text.oem4f (.text:xdc_runtime_Text_xprintf__I)
                  00005208    00000042     driverlib.lib : uart.obj (.text:UARTConfigSetExpClk)
                  0000524a    00000042     drivers_tivaware.aem4f : UARTTiva.oem4f (.text:UARTTiva_hwiIntFxn)
                  0000528c    00000042                            : UARTTiva.oem4f (.text:UARTTiva_writePolling)
                  000052ce    00000040                            : RingBuf.oem4f (.text:RingBuf_get)
                  0000530e    00000040                            : UARTTiva.oem4f (.text:UARTTiva_read)
                  0000534e    00000040     rtsv7M4_T_le_v4SPD16_eabi.lib : u_divt2.asm.obj (.text)
                  0000538e    00000002     --HOLE-- [fill = 0]
                  00005390    00000040     sysbios.aem4f : BIOS.obj (.text:ti_sysbios_family_arm_lm4_Timer_startup__E)
                  000053d0    0000003c                   : BIOS.obj (.text:ti_sysbios_family_arm_m3_Hwi_excSvCall__I)
                  0000540c    00000004     --HOLE-- [fill = 0]
                  00005410    0000003c                   : BIOS.obj (.text:ti_sysbios_heaps_HeapMem_init__I)
                  0000544c    00000004     --HOLE-- [fill = 0]
                  00005450    0000003c                   : BIOS.obj (.text:ti_sysbios_knl_Swi_restore__E)
                  0000548c    00000038     drivers_tivaware.aem4f : UART.oem4f (.text:UART_init)
                  000054c4    00000038     rtsv7M4_T_le_v4SPD16_eabi.lib : trgmsg.c.obj (.text:__TI_writemsg)
                  000054fc    00000004     --HOLE-- [fill = 0]
                  00005500    00000038     sysbios.aem4f : BIOS.obj (.text:ti_sysbios_family_arm_m3_Hwi_excNoIsr__I)
                  00005538    00000038                   : BIOS.obj (.text:ti_sysbios_knl_Task_processVitalTaskFlag__I)
                  00005570    00000038     ti.targets.arm.rtsarm.aem4f : SysMin.oem4f (.text:xdc_runtime_SysMin_putch__E)
                  000055a8    00000038                                 : System.oem4f (.text:xdc_runtime_System_atexit__E)
                  000055e0    00000036     drivers_tivaware.aem4f : UARTTiva.oem4f (.text:UARTTiva_readCancel)
                  00005616    00000002     --HOLE-- [fill = 0]
                  00005618    00000034     driverlib.lib : sysctl.obj (.text:SysCtlPeripheralEnable)
                  0000564c    00000034     rtsv7M4_T_le_v4SPD16_eabi.lib : trgmsg.c.obj (.text:__TI_readmsg)
                  00005680    00000034     sysbios.aem4f : BIOS.obj (.text:ti_sysbios_family_arm_m3_Hwi_Instance_finalize__E)
                  000056b4    00000004     --HOLE-- [fill = 0]
                  000056b8    00000034                   : BIOS.obj (.text:ti_sysbios_family_arm_m3_Hwi_excNmi__I)
                  000056ec    00000004     --HOLE-- [fill = 0]
                  000056f0    00000034                   : BIOS.obj (.text:ti_sysbios_hal_Hwi_checkStack)
                  00005724    00000034     empty_pem4f.oem4f (.text:ti_sysbios_knl_Clock_construct)
                  00005758    00000034     ti.targets.arm.rtsarm.aem4f : Core-label.oem4f (.text:xdc_runtime_Core_assignLabel__I)
                  0000578c    00000033                                 : Text.oem4f (.text:xdc_runtime_Text_printVisFxn__I)
                  000057bf    00000001     --HOLE-- [fill = 0]
                  000057c0    00000032     sysbios.aem4f : BIOS.obj (.text:ti_sysbios_hal_Hwi_initStack)
                  000057f2    00000002     --HOLE-- [fill = 0]
                  000057f4    00000030     drivers_tivaware.aem4f : UART.oem4f (.text:UART_open)
                  00005824    00000030     empty_pem4f.oem4f (.text:ti_sysbios_BIOS_atExitFunc__I)
                  00005854    00000004     --HOLE-- [fill = 0]
                  00005858    00000030     sysbios.aem4f : BIOS.obj (.text:ti_sysbios_family_arm_lm4_Timer_stop__E)
                  00005888    00000030                   : BIOS.obj (.text:ti_sysbios_family_arm_m3_TaskSupport_start__E)
                  000058b8    00000030     empty_pem4f.oem4f (.text:ti_sysbios_gates_GateHwi_Object__create__S)
                  000058e8    00000030     empty_pem4f.oem4f (.text:ti_sysbios_gates_GateMutex_Object__create__S)
                  00005918    00000030     empty_pem4f.oem4f (.text:ti_sysbios_heaps_HeapMem_Object__create__S)
                  00005948    00000030     empty_pem4f.oem4f (.text:ti_sysbios_knl_Semaphore_construct)
                  00005978    00000030     sysbios.aem4f : BIOS.obj (.text:ti_sysbios_knl_Semaphore_pendTimeout__I)
                  000059a8    00000030                   : BIOS.obj (.text:ti_sysbios_knl_Task_unblockI__E)
                  000059d8    00000030     ti.targets.arm.rtsarm.aem4f : SysMin.oem4f (.text:xdc_runtime_SysMin_abort__E)
                  00005a08    00000030                                 : System.oem4f (.text:xdc_runtime_System_processAtExit__E)
                  00005a38    0000002c     empty_pem4f.oem4f (.text:ti_sysbios_knl_Clock_doTick__I)
                  00005a64    0000002c     empty_pem4f.oem4f (.text:ti_sysbios_knl_Queue_construct)
                  00005a90    0000002c     sysbios.aem4f : BIOS.obj (.text:ti_sysbios_knl_Task_restore__E)
                  00005abc    0000002c     ti.targets.arm.rtsarm.aem4f : Text.oem4f (.text:xdc_runtime_Text_cordText__E)
                  00005ae8    0000002a     driverlib.lib : gpio.obj (.text:GPIODirModeSet)
                  00005b12    0000002a     ti.targets.arm.rtsarm.aem4f : System.oem4f (.text:xdc_runtime_System_putchar__I)
                  00005b3c    00000004     --HOLE-- [fill = 0]
                  00005b40    00000028     sysbios.aem4f : BIOS.obj (.text:ti_sysbios_knl_Swi_Module_startup__E)
                  00005b68    00000026                   : m3_Hwi_asm.obj (.text:ti_sysbios_family_arm_m3_Hwi_pendSV__I)
                  00005b8e    00000026     ti.targets.arm.rtsarm.aem4f : System.oem4f (.text:xdc_runtime_System_avprintf__E)
                  00005bb4    00000024     empty_pem4f.oem4f (.text:ti_sysbios_BIOS_errorRaiseHook__I)
                  00005bd8    00000024     empty_pem4f.oem4f (.text:ti_sysbios_BIOS_registerRTSLock__I)
                  00005bfc    00000024     empty_pem4f.oem4f (.text:ti_sysbios_BIOS_removeRTSLock__I)
                  00005c20    00000024     empty_pem4f.oem4f (.text:ti_sysbios_BIOS_startFunc__I)
                  00005c44    00000024     empty_pem4f.oem4f (.text:ti_sysbios_gates_GateMutex_Object__delete__S)
                  00005c68    00000024     sysbios.aem4f : BIOS.obj (.text:ti_sysbios_knl_Clock_Module_startup__E)
                  00005c8c    00000004     --HOLE-- [fill = 0]
                  00005c90    00000024                   : BIOS.obj (.text:ti_sysbios_knl_Task_restoreHwi__E)
                  00005cb4    00000024     ti.targets.arm.rtsarm.aem4f : System.oem4f (.text:xdc_runtime_System_vprintf__E)
                  00005cd8    00000022     sysbios.aem4f : BIOS.obj (.text:ti_sysbios_family_arm_lm4_Timer_write__I)
                  00005cfa    00000022     empty_pem4f.oem4f (.text:xdc_runtime_SysMin_output__I)
                  00005d1c    00000020     Boot.aem4f : Boot_sysctl.oem4f (.text:_SysCtlMemTimingGet)
                  00005d3c    00000020     empty_pem4f.oem4f (.text:ti_sysbios_BIOS_rtsLock__I)
                  00005d5c    00000020     sysbios.aem4f : m3_Hwi_asm.obj (.text:ti_sysbios_family_arm_m3_Hwi_excHandlerAsm__I)
                  00005d7c    00000004     --HOLE-- [fill = 0]
                  00005d80    00000020                   : BIOS.obj (.text:ti_sysbios_family_arm_m3_Hwi_excHandler__I)
                  00005da0    00000020     empty_pem4f.oem4f (.text:ti_sysbios_gates_GateHwi_Object__delete__S)
                  00005dc0    00000020     empty_pem4f.oem4f (.text:ti_sysbios_heaps_HeapMem_Object__delete__S)
                  00005de0    00000020     empty_pem4f.oem4f (.text:ti_sysbios_knl_Clock_Object__destruct__S)
                  00005e00    00000020     sysbios.aem4f : BIOS.obj (.text:ti_sysbios_knl_Idle_run__E)
                  00005e20    00000020     empty_pem4f.oem4f (.text:ti_sysbios_knl_Semaphore_Object__destruct__S)
                  00005e40    00000020     ti.targets.arm.rtsarm.aem4f : Registry.oem4f (.text:xdc_runtime_Registry_findById__E)
                  00005e60    00000020                                 : SysMin.oem4f (.text:xdc_runtime_SysMin_Module_startup__E)
                  00005e80    0000001e     sysbios.aem4f : m3_Hwi_asm_switch.obj (.text:ti_sysbios_family_xxx_Hwi_switchAndRunFunc)
                  00005e9e    00000002     --HOLE-- [fill = 0]
                  00005ea0    0000001c     driverlib.lib : uart.obj (.text:UARTDisable)
                  00005ebc    0000001c     drivers_tivaware.aem4f : GPIOTiva.oem4f (.text:getGpioIntIndex)
                  00005ed8    0000001c     empty_pem4f.oem4f (.text:ti_sysbios_family_arm_m3_Hwi_Object__destruct__S)
                  00005ef4    00000004     --HOLE-- [fill = 0]
                  00005ef8    0000001c     sysbios.aem4f : BIOS.obj (.text:ti_sysbios_gates_GateMutex_Instance_init__E)
                  00005f14    0000001c     empty_pem4f.oem4f (.text:ti_sysbios_knl_Queue_Object__destruct__S)
                  00005f30    0000001c     sysbios.aem4f : BIOS.obj (.text:ti_sysbios_knl_Task_enter__I)
                  00005f4c    0000001c     ti.targets.arm.rtsarm.aem4f : Error.oem4f (.text:xdc_runtime_Error_raiseX__E)
                  00005f68    0000001c                                 : Memory.oem4f (.text:xdc_runtime_Memory_valloc__E)
                  00005f84    0000001c                                 : SysMin.oem4f (.text:xdc_runtime_SysMin_exit__E)
                  00005fa0    0000001c                                 : System.oem4f (.text:xdc_runtime_System_abort__E)
                  00005fbc    0000001a     empty_pem4f.oem4f (.text:ti_sysbios_family_arm_m3_Hwi_Handle__label__S)
                  00005fd6    0000001a     empty_pem4f.oem4f (.text:ti_sysbios_gates_GateHwi_Handle__label__S)
                  00005ff0    0000001a     empty_pem4f.oem4f (.text:ti_sysbios_gates_GateMutex_Handle__label__S)
                  0000600a    0000001a     empty_pem4f.oem4f (.text:ti_sysbios_heaps_HeapMem_Handle__label__S)
                  00006024    0000001a     empty_pem4f.oem4f (.text:ti_sysbios_knl_Swi_Handle__label__S)
                  0000603e    0000001a     empty_pem4f.oem4f (.text:ti_sysbios_knl_Task_Handle__label__S)
                  00006058    0000001a     empty_pem4f.oem4f (.text:xdc_runtime_System_aprintf__E)
                  00006072    0000001a     empty_pem4f.oem4f (.text:xdc_runtime_System_printf__E)
                  0000608c    00000018     drivers_tivaware.aem4f : UART.oem4f (.text:UART_Params_init)
                  000060a4    00000018     rtsv7M4_T_le_v4SPD16_eabi.lib : args_main.c.obj (.text:_args_main)
                  000060bc    00000018     empty_pem4f.oem4f (.text:ti_sysbios_BIOS_rtsUnlock__I)
                  000060d4    00000018     empty_pem4f.oem4f (.text:ti_sysbios_family_arm_lm4_Timer_Module__startupDone__F)
                  000060ec    00000018     empty_pem4f.oem4f (.text:ti_sysbios_family_arm_m3_Hwi_Module__startupDone__F)
                  00006104    00000018     sysbios.aem4f : m3_TaskSupport_asm.obj (.text:ti_sysbios_family_arm_m3_TaskSupport_swap__E)
                  0000611c    00000004     --HOLE-- [fill = 0]
                  00006120    00000018                   : BIOS.obj (.text:ti_sysbios_gates_GateMutex_leave__E)
                  00006138    00000018                   : BIOS.obj (.text:ti_sysbios_knl_Task_sleepTimeout__I)
                  00006150    00000018     ti.targets.arm.rtsarm.aem4f : Error.oem4f (.text:xdc_runtime_Error_check__E)
                  00006168    00000018                                 : System.oem4f (.text:xdc_runtime_System_exit__E)
                  00006180    00000018                                 : Text.oem4f (.text:xdc_runtime_Text_ropeText__E)
                  00006198    00000016     empty_pem4f.oem4f (.text:ti_sysbios_BIOS_exitFunc__I)
                  000061ae    00000016     main.obj (.text:ti_sysbios_knl_Task_Params_init)
                  000061c4    00000014     driverlib.lib : uart.obj (.text:UARTEnable)
                  000061d8    00000014     main.obj (.text:heartBeatFxn)
                  000061ec    00000014     rtsv7M4_T_le_v4SPD16_eabi.lib : strlen.c.obj (.text:strlen)
                  00006200    00000014     empty_pem4f.oem4f (.text:ti_sysbios_family_arm_m3_Hwi_Object__get__S)
                  00006214    00000004     --HOLE-- [fill = 0]
                  00006218    00000014     sysbios.aem4f : BIOS.obj (.text:ti_sysbios_family_arm_m3_Hwi_switchFromBootStack__E)
                  0000622c    00000014     empty_pem4f.oem4f (.text:ti_sysbios_heaps_HeapMem_Object__get__S)
                  00006240    00000014     empty_pem4f.oem4f (.text:ti_sysbios_knl_Swi_Object__get__S)
                  00006254    00000012     driverlib.lib : gpio.obj (.text:GPIOPinTypeUART)
                  00006266    00000012     drivers_tivaware.aem4f : RingBuf.oem4f (.text:RingBuf_construct)
                  00006278    00000012     sysbios.aem4f : BIOS.obj (.text:ti_sysbios_hal_Hwi_Module_startup__E)
                  0000628a    00000012     empty_pem4f.oem4f (.text:xdc_runtime_Startup_exec__I)
                  0000629c    00000010     empty_pem4f.oem4f (.text:.bootCodeSection:ti_catalog_arm_cortexm4_tiva_ce_Boot_init__I)
                  000062ac    00000010     drivers_tivaware.aem4f : UARTTiva.oem4f (.text:readBlockingTimeout)
                  000062bc    00000004     --HOLE-- [fill = 0]
                  000062c0    00000010     sysbios.aem4f : BIOS.obj (.text:ti_sysbios_BIOS_getCpuFreq__E)
                  000062d0    00000010                   : BIOS.obj (.text:ti_sysbios_BIOS_setThreadType__E)
                  000062e0    00000010                   : BIOS.obj (.text:ti_sysbios_BIOS_start__E)
                  000062f0    00000010                   : m3_TaskSupport_asm.obj (.text:ti_sysbios_family_arm_m3_TaskSupport_glue)
                  00006300    00000010                   : BIOS.obj (.text:ti_sysbios_gates_GateMutex_Instance_finalize__E)
                  00006310    00000010                   : BIOS.obj (.text:ti_sysbios_knl_Semaphore_Instance_finalize__E)
                  00006320    00000010                   : BIOS.obj (.text:ti_sysbios_knl_Swi_disable__E)
                  00006330    00000010     empty_pem4f.oem4f (.text:ti_sysbios_knl_Task_Object__get__S)
                  00006340    00000010     sysbios.aem4f : BIOS.obj (.text:ti_sysbios_knl_Task_disable__E)
                  00006350    00000010     ti.targets.arm.rtsarm.aem4f : Gate.oem4f (.text:xdc_runtime_Gate_leaveSystem__E)
                  00006360    00000010                                 : Memory.oem4f (.text:xdc_runtime_Memory_free__E)
                  00006370    00000010                                 : SysMin.oem4f (.text:xdc_runtime_SysMin_ready__E)
                  00006380    00000010                                 : System.oem4f (.text:xdc_runtime_System_vsnprintf__E)
                  00006390    00000010     empty_pem4f.oem4f (.text:xdc_runtime_Text_visitRope__I)
                  000063a0    0000000e     driverlib.lib : gpio.obj (.text:GPIOIntStatus)
                  000063ae    0000000e                   : uart.obj (.text:UARTCharGetNonBlocking)
                  000063bc    0000000e                   : uart.obj (.text:UARTCharPutNonBlocking)
                  000063ca    0000000e     rtsv7M4_T_le_v4SPD16_eabi.lib : copy_decompress_none.c.obj (.text:decompress:none:__TI_decompress_none)
                  000063d8    0000000e     sysbios.aem4f : BIOS.obj (.text:ti_sysbios_knl_Idle_loop__E)
                  000063e6    00000002     --HOLE-- [fill = 0]
                  000063e8    0000000e                   : BIOS.obj (.text:ti_sysbios_knl_Queue_empty__E)
                  000063f6    0000000c     drivers_tivaware.aem4f : RingBuf.oem4f (.text:RingBuf_peek)
                  00006402    0000000c     driverlib.lib : uart.obj (.text:UARTFlowControlSet)
                  0000640e    0000000c     drivers_tivaware.aem4f : UARTTiva.oem4f (.text:UARTTiva_init)
                  0000641a    00000002     --HOLE-- [fill = 0]
                  0000641c    0000000c     rtsv7M4_T_le_v4SPD16_eabi.lib : _lock.c.obj (.text:_register_lock)
                  00006428    0000000c                                   : _lock.c.obj (.text:_register_unlock)
                  00006434    0000000c                                   : copy_zero_init.c.obj (.text:decompress:ZI:__TI_zero_init)
                  00006440    0000000c     sysbios.aem4f : BIOS.obj (.text:ti_sysbios_family_arm_lm4_Timer_getMaxTicks__E)
                  0000644c    0000000c     empty_pem4f.oem4f (.text:ti_sysbios_family_arm_m3_Hwi_Params__init__S)
                  00006458    0000000c     sysbios.aem4f : BIOS.obj (.text:ti_sysbios_family_arm_m3_Hwi_disableFxn__E)
                  00006464    00000004     --HOLE-- [fill = 0]
                  00006468    0000000c                   : BIOS.obj (.text:ti_sysbios_family_arm_m3_TaskSupport_checkStack__E)
                  00006474    00000004     --HOLE-- [fill = 0]
                  00006478    0000000c                   : BIOS.obj (.text:ti_sysbios_family_arm_m3_TaskSupport_getStackAlignment__E)
                  00006484    00000004     --HOLE-- [fill = 0]
                  00006488    0000000c                   : BIOS.obj (.text:ti_sysbios_gates_GateHwi_enter__E)
                  00006494    0000000c     empty_pem4f.oem4f (.text:ti_sysbios_knl_Clock_Params__init__S)
                  000064a0    0000000c     empty_pem4f.oem4f (.text:ti_sysbios_knl_Queue_Object__get__S)
                  000064ac    0000000c     empty_pem4f.oem4f (.text:ti_sysbios_knl_Semaphore_Params__init__S)
                  000064b8    0000000c     empty_pem4f.oem4f (.text:ti_sysbios_knl_Task_Params__init__S)
                  000064c4    0000000c     ti.targets.arm.rtsarm.aem4f : Error.oem4f (.text:xdc_runtime_Error_init__E)
                  000064d0    0000000c                                 : Gate.oem4f (.text:xdc_runtime_Gate_enterSystem__E)
                  000064dc    0000000c                                 : Memory.oem4f (.text:xdc_runtime_Memory_calloc__E)
                  000064e8    0000000c                                 : Memory.oem4f (.text:xdc_runtime_Memory_getMaxDefaultTypeAlign__E)
                  000064f4    0000000a     driverlib.lib : uart.obj (.text:UARTCharGet)
                  000064fe    0000000a                   : uart.obj (.text:UARTCharPut)
                  00006508    0000000a                   : uart.obj (.text:UARTIntDisable)
                  00006512    0000000a                   : uart.obj (.text:UARTIntStatus)
                  0000651c    0000000a     drivers_tivaware.aem4f : UART.oem4f (.text:UART_read)
                  00006526    0000000a                            : UART.oem4f (.text:UART_write)
                  00006530    0000000a     empty_pem4f.oem4f (.text:xdc_runtime_IHeap_alloc)
                  0000653a    0000000a     empty_pem4f.oem4f (.text:xdc_runtime_IHeap_free)
                  00006544    00000008     EK_TM4C1294XL.obj (.text:EK_TM4C1294XL_initGPIO)
                  0000654c    00000008     driverlib.lib : uart.obj (.text:UARTIntEnable)
                  00006554    00000008                   : uart.obj (.text:UARTRxErrorGet)
                  0000655c    00000008     drivers_tivaware.aem4f : UARTTiva.oem4f (.text:readSemCallback)
                  00006564    00000008     sysbios.aem4f : BIOS.obj (.text:ti_sysbios_family_arm_lm4_Timer_masterDisable__I)
                  0000656c    00000004     --HOLE-- [fill = 0]
                  00006570    00000008                   : BIOS.obj (.text:ti_sysbios_family_arm_m3_Hwi_doSwiRestore__I)
                  00006578    00000008                   : BIOS.obj (.text:ti_sysbios_family_arm_m3_Hwi_startup__E)
                  00006580    00000008     drivers_tivaware.aem4f : UARTTiva.oem4f (.text:writeSemCallback)
                  00006588    00000006     driverlib.lib : gpio.obj (.text:GPIOPinWrite)
                  0000658e    00000006                   : uart.obj (.text:UARTFIFOLevelSet)
                  00006594    00000006                   : uart.obj (.text:UARTRxErrorClear)
                  0000659a    00000006     ti.targets.arm.rtsarm.aem4f : System.oem4f (.text:xdc_runtime_System_Module_startup__E)
                  000065a0    00000006     sysbios.aem4f : BIOS.obj (.text:ti_sysbios_family_arm_m3_Hwi_doTaskRestore__I)
                  000065a6    00000002     --HOLE-- [fill = 0]
                  000065a8    00000006                   : BIOS.obj (.text:ti_sysbios_family_arm_m3_Hwi_restoreFxn__E)
                  000065ae    00000002     --HOLE-- [fill = 0]
                  000065b0    00000006                   : BIOS.obj (.text:ti_sysbios_gates_GateHwi_leave__E)
                  000065b6    00000002     --HOLE-- [fill = 0]
                  000065b8    00000006                   : BIOS.obj (.text:ti_sysbios_heaps_HeapMem_isBlocking__E)
                  000065be    00000002     --HOLE-- [fill = 0]
                  000065c0    00000006                   : BIOS.obj (.text:ti_sysbios_knl_Clock_stop__E)
                  000065c6    00000002     --HOLE-- [fill = 0]
                  000065c8    00000006                   : BIOS.obj (.text:ti_sysbios_knl_Queue_Instance_init__E)
                  000065ce    00000002     --HOLE-- [fill = 0]
                  000065d0    00000006                   : BIOS.obj (.text:ti_sysbios_knl_Swi_startup__E)
                  000065d6    00000002     --HOLE-- [fill = 0]
                  000065d8    00000004                   : BIOS.obj (.text:ti_sysbios_gates_GateHwi_query__E)
                  000065dc    00000004     --HOLE-- [fill = 0]
                  000065e0    00000004                   : BIOS.obj (.text:ti_sysbios_gates_GateMutex_query__E)
                  000065e4    00000004     --HOLE-- [fill = 0]
                  000065e8    00000004                   : BIOS.obj (.text:ti_sysbios_knl_Task_startup__E)
                  000065ec    00000004     --HOLE-- [fill = 0]
                  000065f0    00000002                   : BIOS.obj (.text:ti_sysbios_gates_GateHwi_Instance_init__E)
                  000065f2    00000006     --HOLE-- [fill = 0]
                  000065f8    00000002                   : BIOS.obj (.text:ti_sysbios_knl_Clock_logTick__E)

.const     0    000065fc    00002226     
                  000065fc    00001861     empty_pem4f.oem4f (.const:xdc_runtime_Text_charTab__A)
                  00007e5d    00000002     main.obj (.const:.string:$P$T1$2)
                  00007e5f    00000001     empty_pem4f.oem4f (.const:xdc_runtime_Error_policy__C)
                  00007e60    00000120     Boot.aem4f : Boot_sysctl.oem4f (.const:g_pppui32XTALtoVCO)
                  00007f80    000000bc     empty_pem4f.oem4f (.const:xdc_runtime_Text_nodeTab__A)
                  0000803c    00000090     driverlib.lib : gpio.obj (.const:g_pui32GPIOBaseAddrs)
                  000080cc    0000006c     Boot.aem4f : Boot_sysctl.oem4f (.const:g_pui32Xtals)
                  00008138    00000054     drivers_tivaware.aem4f : GPIOTiva.oem4f (.const:.string)
                  0000818c    0000004c                            : UARTTiva.oem4f (.const)
                  000081d8    00000048     empty_pem4f.oem4f (.const:.string)
                  00008220    00000048     drivers_tivaware.aem4f : GPIOTiva.oem4f (.const:gpioBaseAddresses)
                  00008268    0000003c     empty_pem4f.oem4f (.const:ti_sysbios_knl_Task_Object__PARAMS__C)
                  000082a4    00000030     Boot.aem4f : Boot_sysctl.oem4f (.const:g_sXTALtoMEMTIM)
                  000082d4    00000030     empty_pem4f.oem4f (.const:ti_sysbios_family_arm_m3_Hwi_Object__PARAMS__C)
                  00008304    00000030     EK_TM4C1294XL.obj (.const:uartTivaHWAttrs)
                  00008334    00000028     drivers_tivaware.aem4f : UARTTiva.oem4f (.const:UARTTiva_fxnTable)
                  0000835c    00000028     empty_pem4f.oem4f (.const:ti_sysbios_heaps_HeapMem_Module__FXNS__C)
                  00008384    00000024     EK_TM4C1294XL.obj (.const:UART_config)
                  000083a8    00000024     drivers_tivaware.aem4f : UART.oem4f (.const:UART_defaultParams)
                  000083cc    00000024     empty_pem4f.oem4f (.const:ti_sysbios_gates_GateHwi_Module__FXNS__C)
                  000083f0    00000024     empty_pem4f.oem4f (.const:ti_sysbios_gates_GateMutex_Module__FXNS__C)
                  00008414    00000024     empty_pem4f.oem4f (.const:ti_sysbios_heaps_HeapMem_Object__PARAMS__C)
                  00008438    00000024     empty_pem4f.oem4f (.const:ti_sysbios_knl_Clock_Object__PARAMS__C)
                  0000845c    00000024     empty_pem4f.oem4f (.const:ti_sysbios_knl_Semaphore_Object__PARAMS__C)
                  00008480    00000020     empty_pem4f.oem4f (.const:ti_sysbios_family_arm_m3_Hwi_Object__DESC__C)
                  000084a0    00000020     empty_pem4f.oem4f (.const:ti_sysbios_gates_GateHwi_Object__DESC__C)
                  000084c0    00000020     empty_pem4f.oem4f (.const:ti_sysbios_gates_GateMutex_Object__DESC__C)
                  000084e0    00000020     empty_pem4f.oem4f (.const:ti_sysbios_heaps_HeapMem_Object__DESC__C)
                  00008500    00000020     empty_pem4f.oem4f (.const:ti_sysbios_knl_Clock_Object__DESC__C)
                  00008520    00000020     empty_pem4f.oem4f (.const:ti_sysbios_knl_Queue_Object__DESC__C)
                  00008540    00000020     empty_pem4f.oem4f (.const:ti_sysbios_knl_Semaphore_Object__DESC__C)
                  00008560    00000020     empty_pem4f.oem4f (.const:ti_sysbios_knl_Task_Object__DESC__C)
                  00008580    00000020     empty_pem4f.oem4f (.const:xdc_runtime_Startup_sfxnTab__A)
                  000085a0    00000018     empty_pem4f.oem4f (.const:ti_sysbios_gates_GateHwi_Object__PARAMS__C)
                  000085b8    00000018     empty_pem4f.oem4f (.const:ti_sysbios_gates_GateMutex_Object__PARAMS__C)
                  000085d0    00000018     empty_pem4f.oem4f (.const:ti_sysbios_knl_Queue_Object__PARAMS__C)
                  000085e8    00000014     EK_TM4C1294XL.obj (.const:GPIOTiva_config)
                  000085fc    00000014     empty_pem4f.oem4f (.const:xdc_runtime_Startup_firstFxns__A)
                  00008610    00000010     empty_pem4f.oem4f (.const:xdc_runtime_Startup_sfxnRts__A)
                  00008620    00000008     Boot.aem4f : Boot_sysctl.oem4f (.const)
                  00008628    00000008     empty_pem4f.oem4f (.const:ti_sysbios_family_arm_m3_Hwi_excHookFuncs__A)
                  00008630    00000008     empty_pem4f.oem4f (.const:ti_sysbios_knl_Idle_funcList__C)
                  00008638    00000008     empty_pem4f.oem4f (.const:xdc_runtime_Startup_firstFxns__C)
                  00008640    00000008     empty_pem4f.oem4f (.const:xdc_runtime_Startup_lastFxns__C)
                  00008648    00000004     main.obj (.const:.string:$P$T0$1)
                  0000864c    00000004     empty_pem4f.oem4f (.const:ti_catalog_arm_cortexm4_tiva_ce_Boot_A_mustNotUseEnhancedClockMode__C)
                  00008650    00000004     empty_pem4f.oem4f (.const:ti_catalog_arm_cortexm4_tiva_ce_Boot_Module__diagsEnabled__C)
                  00008654    00000004     empty_pem4f.oem4f (.const:ti_catalog_arm_cortexm4_tiva_ce_Boot_Module__diagsIncluded__C)
                  00008658    00000004     empty_pem4f.oem4f (.const:ti_catalog_arm_cortexm4_tiva_ce_Boot_Module__diagsMask__C)
                  0000865c    00000004     empty_pem4f.oem4f (.const:ti_sysbios_family_arm_lm4_Timer_enableFunc__C)
                  00008660    00000004     empty_pem4f.oem4f (.const:ti_sysbios_family_arm_lm4_Timer_numTimerDevices__C)
                  00008664    00000004     empty_pem4f.oem4f (.const:ti_sysbios_family_arm_lm4_Timer_startupNeeded__C)
                  00008668    00000004     empty_pem4f.oem4f (.const:ti_sysbios_family_arm_m3_Hwi_E_NMI__C)
                  0000866c    00000004     empty_pem4f.oem4f (.const:ti_sysbios_family_arm_m3_Hwi_E_alreadyDefined__C)
                  00008670    00000004     empty_pem4f.oem4f (.const:ti_sysbios_family_arm_m3_Hwi_E_busFault__C)
                  00008674    00000004     empty_pem4f.oem4f (.const:ti_sysbios_family_arm_m3_Hwi_E_debugMon__C)
                  00008678    00000004     empty_pem4f.oem4f (.const:ti_sysbios_family_arm_m3_Hwi_E_hardFault__C)
                  0000867c    00000004     empty_pem4f.oem4f (.const:ti_sysbios_family_arm_m3_Hwi_E_memFault__C)
                  00008680    00000004     empty_pem4f.oem4f (.const:ti_sysbios_family_arm_m3_Hwi_E_noIsr__C)
                  00008684    00000004     empty_pem4f.oem4f (.const:ti_sysbios_family_arm_m3_Hwi_E_reserved__C)
                  00008688    00000004     empty_pem4f.oem4f (.const:ti_sysbios_family_arm_m3_Hwi_E_svCall__C)
                  0000868c    00000004     empty_pem4f.oem4f (.const:ti_sysbios_family_arm_m3_Hwi_E_usageFault__C)
                  00008690    00000004     empty_pem4f.oem4f (.const:ti_sysbios_family_arm_m3_Hwi_NUM_INTERRUPTS__C)
                  00008694    00000004     empty_pem4f.oem4f (.const:ti_sysbios_family_arm_m3_Hwi_Object__count__C)
                  00008698    00000004     empty_pem4f.oem4f (.const:ti_sysbios_family_arm_m3_Hwi_ccr__C)
                  0000869c    00000004     empty_pem4f.oem4f (.const:ti_sysbios_family_arm_m3_Hwi_excHandlerFunc__C)
                  000086a0    00000004     empty_pem4f.oem4f (.const:ti_sysbios_family_arm_m3_Hwi_excHookFuncs__C)
                  000086a4    00000004     empty_pem4f.oem4f (.const:ti_sysbios_family_arm_m3_Hwi_nullIsrFunc__C)
                  000086a8    00000004     empty_pem4f.oem4f (.const:ti_sysbios_family_arm_m3_Hwi_priGroup__C)
                  000086ac    00000004     empty_pem4f.oem4f (.const:ti_sysbios_family_arm_m3_TaskSupport_stackAlignment__C)
                  000086b0    00000004     empty_pem4f.oem4f (.const:ti_sysbios_gates_GateMutex_A_badContext__C)
                  000086b4    00000004     empty_pem4f.oem4f (.const:ti_sysbios_gates_GateMutex_Instance_State_sem__O)
                  000086b8    00000004     empty_pem4f.oem4f (.const:ti_sysbios_gates_GateMutex_Module__diagsEnabled__C)
                  000086bc    00000004     empty_pem4f.oem4f (.const:ti_sysbios_gates_GateMutex_Module__diagsIncluded__C)
                  000086c0    00000004     empty_pem4f.oem4f (.const:ti_sysbios_gates_GateMutex_Module__diagsMask__C)
                  000086c4    00000004     empty_pem4f.oem4f (.const:ti_sysbios_hal_Hwi_E_stackOverflow__C)
                  000086c8    00000004     empty_pem4f.oem4f (.const:ti_sysbios_heaps_HeapMem_A_align__C)
                  000086cc    00000004     empty_pem4f.oem4f (.const:ti_sysbios_heaps_HeapMem_A_heapSize__C)
                  000086d0    00000004     empty_pem4f.oem4f (.const:ti_sysbios_heaps_HeapMem_A_invalidFree__C)
                  000086d4    00000004     empty_pem4f.oem4f (.const:ti_sysbios_heaps_HeapMem_A_zeroBlock__C)
                  000086d8    00000004     empty_pem4f.oem4f (.const:ti_sysbios_heaps_HeapMem_E_memory__C)
                  000086dc    00000004     empty_pem4f.oem4f (.const:ti_sysbios_heaps_HeapMem_Module__diagsEnabled__C)
                  000086e0    00000004     empty_pem4f.oem4f (.const:ti_sysbios_heaps_HeapMem_Module__diagsIncluded__C)
                  000086e4    00000004     empty_pem4f.oem4f (.const:ti_sysbios_heaps_HeapMem_Module__diagsMask__C)
                  000086e8    00000004     empty_pem4f.oem4f (.const:ti_sysbios_heaps_HeapMem_Module__gateObj__C)
                  000086ec    00000004     empty_pem4f.oem4f (.const:ti_sysbios_heaps_HeapMem_Object__count__C)
                  000086f0    00000004     empty_pem4f.oem4f (.const:ti_sysbios_heaps_HeapMem_reqAlign__C)
                  000086f4    00000004     empty_pem4f.oem4f (.const:ti_sysbios_knl_Clock_A_badThreadType__C)
                  000086f8    00000004     empty_pem4f.oem4f (.const:ti_sysbios_knl_Clock_Module_State_clockQ__O)
                  000086fc    00000004     empty_pem4f.oem4f (.const:ti_sysbios_knl_Clock_Module__diagsEnabled__C)
                  00008700    00000004     empty_pem4f.oem4f (.const:ti_sysbios_knl_Clock_Module__diagsIncluded__C)
                  00008704    00000004     empty_pem4f.oem4f (.const:ti_sysbios_knl_Clock_Module__diagsMask__C)
                  00008708    00000004     empty_pem4f.oem4f (.const:ti_sysbios_knl_Idle_funcList__A)
                  0000870c    00000004     empty_pem4f.oem4f (.const:ti_sysbios_knl_Semaphore_A_badContext__C)
                  00008710    00000004     empty_pem4f.oem4f (.const:ti_sysbios_knl_Semaphore_A_noEvents__C)
                  00008714    00000004     empty_pem4f.oem4f (.const:ti_sysbios_knl_Semaphore_A_overflow__C)
                  00008718    00000004     empty_pem4f.oem4f (.const:ti_sysbios_knl_Semaphore_A_pendTaskDisabled__C)
                  0000871c    00000004     empty_pem4f.oem4f (.const:ti_sysbios_knl_Semaphore_Instance_State_pendQ__O)
                  00008720    00000004     empty_pem4f.oem4f (.const:ti_sysbios_knl_Semaphore_Module__diagsEnabled__C)
                  00008724    00000004     empty_pem4f.oem4f (.const:ti_sysbios_knl_Semaphore_Module__diagsIncluded__C)
                  00008728    00000004     empty_pem4f.oem4f (.const:ti_sysbios_knl_Semaphore_Module__diagsMask__C)
                  0000872c    00000004     empty_pem4f.oem4f (.const:ti_sysbios_knl_Swi_Object__count__C)
                  00008730    00000004     empty_pem4f.oem4f (.const:ti_sysbios_knl_Task_A_badPriority__C)
                  00008734    00000004     empty_pem4f.oem4f (.const:ti_sysbios_knl_Task_A_badTaskState__C)
                  00008738    00000004     empty_pem4f.oem4f (.const:ti_sysbios_knl_Task_A_badThreadType__C)
                  0000873c    00000004     empty_pem4f.oem4f (.const:ti_sysbios_knl_Task_A_badTimeout__C)
                  00008740    00000004     empty_pem4f.oem4f (.const:ti_sysbios_knl_Task_A_noPendElem__C)
                  00008744    00000004     empty_pem4f.oem4f (.const:ti_sysbios_knl_Task_A_sleepTaskDisabled__C)
                  00008748    00000004     empty_pem4f.oem4f (.const:ti_sysbios_knl_Task_E_spOutOfBounds__C)
                  0000874c    00000004     empty_pem4f.oem4f (.const:ti_sysbios_knl_Task_E_stackOverflow__C)
                  00008750    00000004     empty_pem4f.oem4f (.const:ti_sysbios_knl_Task_Module_State_inactiveQ__O)
                  00008754    00000004     empty_pem4f.oem4f (.const:ti_sysbios_knl_Task_Module__diagsEnabled__C)
                  00008758    00000004     empty_pem4f.oem4f (.const:ti_sysbios_knl_Task_Module__diagsIncluded__C)
                  0000875c    00000004     empty_pem4f.oem4f (.const:ti_sysbios_knl_Task_Module__diagsMask__C)
                  00008760    00000004     empty_pem4f.oem4f (.const:ti_sysbios_knl_Task_Object__count__C)
                  00008764    00000004     empty_pem4f.oem4f (.const:ti_sysbios_knl_Task_allBlockedFunc__C)
                  00008768    00000004     empty_pem4f.oem4f (.const:ti_sysbios_knl_Task_defaultStackHeap__C)
                  0000876c    00000004     empty_pem4f.oem4f (.const:ti_sysbios_knl_Task_defaultStackSize__C)
                  00008770    00000004     empty_pem4f.oem4f (.const:ti_sysbios_knl_Task_numConstructedTasks__C)
                  00008774    00000004     empty_pem4f.oem4f (.const:xdc_runtime_Assert_E_assertFailed__C)
                  00008778    00000004     empty_pem4f.oem4f (.const:xdc_runtime_Core_A_initializedParams__C)
                  0000877c    00000004     empty_pem4f.oem4f (.const:xdc_runtime_Core_Module__diagsEnabled__C)
                  00008780    00000004     empty_pem4f.oem4f (.const:xdc_runtime_Core_Module__diagsIncluded__C)
                  00008784    00000004     empty_pem4f.oem4f (.const:xdc_runtime_Core_Module__diagsMask__C)
                  00008788    00000004     empty_pem4f.oem4f (.const:xdc_runtime_Error_E_memory__C)
                  0000878c    00000004     empty_pem4f.oem4f (.const:xdc_runtime_Error_Module__diagsEnabled__C)
                  00008790    00000004     empty_pem4f.oem4f (.const:xdc_runtime_Error_Module__diagsIncluded__C)
                  00008794    00000004     empty_pem4f.oem4f (.const:xdc_runtime_Error_Module__diagsMask__C)
                  00008798    00000004     empty_pem4f.oem4f (.const:xdc_runtime_Error_Module__loggerFxn8__C)
                  0000879c    00000004     empty_pem4f.oem4f (.const:xdc_runtime_Error_Module__loggerObj__C)
                  000087a0    00000004     empty_pem4f.oem4f (.const:xdc_runtime_Error_policyFxn__C)
                  000087a4    00000004     empty_pem4f.oem4f (.const:xdc_runtime_Error_raiseHook__C)
                  000087a8    00000004     empty_pem4f.oem4f (.const:xdc_runtime_IGateProvider_Interface__BASE__C)
                  000087ac    00000004     empty_pem4f.oem4f (.const:xdc_runtime_IHeap_Interface__BASE__C)
                  000087b0    00000004     empty_pem4f.oem4f (.const:xdc_runtime_IModule_Interface__BASE__C)
                  000087b4    00000004     empty_pem4f.oem4f (.const:xdc_runtime_Log_L_error__C)
                  000087b8    00000004     empty_pem4f.oem4f (.const:xdc_runtime_Memory_defaultHeapInstance__C)
                  000087bc    00000004     empty_pem4f.oem4f (.const:xdc_runtime_Startup_execImpl__C)
                  000087c0    00000004     empty_pem4f.oem4f (.const:xdc_runtime_Startup_maxPasses__C)
                  000087c4    00000004     empty_pem4f.oem4f (.const:xdc_runtime_Startup_sfxnRts__C)
                  000087c8    00000004     empty_pem4f.oem4f (.const:xdc_runtime_Startup_sfxnTab__C)
                  000087cc    00000004     empty_pem4f.oem4f (.const:xdc_runtime_SysMin_bufSize__C)
                  000087d0    00000004     empty_pem4f.oem4f (.const:xdc_runtime_SysMin_outputFunc__C)
                  000087d4    00000004     empty_pem4f.oem4f (.const:xdc_runtime_System_Module__gateObj__C)
                  000087d8    00000004     empty_pem4f.oem4f (.const:xdc_runtime_System_abortFxn__C)
                  000087dc    00000004     empty_pem4f.oem4f (.const:xdc_runtime_System_exitFxn__C)
                  000087e0    00000004     empty_pem4f.oem4f (.const:xdc_runtime_System_extendFxn__C)
                  000087e4    00000004     empty_pem4f.oem4f (.const:xdc_runtime_System_maxAtexitHandlers__C)
                  000087e8    00000004     empty_pem4f.oem4f (.const:xdc_runtime_Text_charTab__C)
                  000087ec    00000004     empty_pem4f.oem4f (.const:xdc_runtime_Text_nameEmpty__C)
                  000087f0    00000004     empty_pem4f.oem4f (.const:xdc_runtime_Text_nameStatic__C)
                  000087f4    00000004     empty_pem4f.oem4f (.const:xdc_runtime_Text_nameUnknown__C)
                  000087f8    00000004     empty_pem4f.oem4f (.const:xdc_runtime_Text_nodeTab__C)
                  000087fc    00000004     empty_pem4f.oem4f (.const:xdc_runtime_Text_visitRopeFxn__C)
                  00008800    00000002     empty_pem4f.oem4f (.const:ti_catalog_arm_cortexm4_tiva_ce_Boot_Module__id__C)
                  00008802    00000002     empty_pem4f.oem4f (.const:ti_sysbios_family_arm_m3_Hwi_Module__id__C)
                  00008804    00000002     empty_pem4f.oem4f (.const:ti_sysbios_gates_GateMutex_Module__id__C)
                  00008806    00000002     empty_pem4f.oem4f (.const:ti_sysbios_hal_Hwi_Module__id__C)
                  00008808    00000002     empty_pem4f.oem4f (.const:ti_sysbios_heaps_HeapMem_Module__id__C)
                  0000880a    00000002     empty_pem4f.oem4f (.const:ti_sysbios_knl_Clock_Module__id__C)
                  0000880c    00000002     empty_pem4f.oem4f (.const:ti_sysbios_knl_Semaphore_Module__id__C)
                  0000880e    00000002     empty_pem4f.oem4f (.const:ti_sysbios_knl_Task_Module__id__C)
                  00008810    00000002     empty_pem4f.oem4f (.const:xdc_runtime_Core_Module__id__C)
                  00008812    00000002     empty_pem4f.oem4f (.const:xdc_runtime_Error_Module__loggerDefined__C)
                  00008814    00000002     empty_pem4f.oem4f (.const:xdc_runtime_Error_maxDepth__C)
                  00008816    00000002     empty_pem4f.oem4f (.const:xdc_runtime_Memory_Module__id__C)
                  00008818    00000002     empty_pem4f.oem4f (.const:xdc_runtime_SysMin_flushAtExit__C)
                  0000881a    00000002     empty_pem4f.oem4f (.const:xdc_runtime_Text_charCnt__C)
                  0000881c    00000002     empty_pem4f.oem4f (.const:xdc_runtime_Text_isLoaded__C)
                  0000881e    00000002     empty_pem4f.oem4f (.const:xdc_runtime_Text_registryModsLastId__C)
                  00008820    00000002     empty_pem4f.oem4f (.const:xdc_runtime_Text_unnamedModsLastId__C)

.cinit     0    00008828    00000220     
                  00008828    000001e9     (.cinit..data.load) [load image, compression = lzss]
                  00008a11    00000003     --HOLE-- [fill = 0]
                  00008a14    0000000c     (__TI_handler_table)
                  00008a20    00000008     (.cinit..bss.load) [load image, compression = zero_init]
                  00008a28    00000008     (.cinit..vecs.load) [load image, compression = zero_init]
                  00008a30    00000018     (__TI_cinit_table)

.init_array 
*          0    00000000    00000000     UNINITIALIZED

.resetVecs 
*          0    00000000    0000003c     
                  00000000    0000003c     empty_pem4f.oem4f (.resetVecs)

.bss       0    20000360    00001814     UNINITIALIZED
                  20000360    00000800     (.common:task1Stack)
                  20000b60    00000400     (.common:ti_sysbios_heaps_HeapMem_Instance_State_0_buf__A)
                  20000f60    00000360     (.common:ti_sysbios_family_arm_m3_Hwi_dispatchTable)
                  200012c0    00000200     empty_pem4f.oem4f (.bss:taskStackSection)
                  200014c0    00000200     (.common:task0Stack)
                  200016c0    00000198     (.common:uartTivaObjects)
                  20001858    00000120     rtsv7M4_T_le_v4SPD16_eabi.lib : trgmsg.c.obj (.bss:_CIOBUF_)
                  20001978    00000090     drivers_tivaware.aem4f : GPIOTiva.oem4f (.bss:gpioCallbackInfo)
                  20001a08    00000080     (.common:xdc_runtime_SysMin_Module_State_0_outbuf__A)
                  20001a88    00000050     (.common:task0Struct)
                  20001ad8    00000050     (.common:task1Struct)
                  20001b28    00000040     (.common:uartTivaRingBuffer)
                  20001b68    00000008     (.common:parmbuf)
                  20001b70    00000004     (.common:gpioInterruptVectors)

.data      0    20001b74    0000043a     UNINITIALIZED
                  20001b74    00000080     empty_pem4f.oem4f (.data:ti_sysbios_knl_Swi_Module_State_0_readyQ__A)
                  20001bf4    00000080     empty_pem4f.oem4f (.data:ti_sysbios_knl_Task_Module_State_0_readyQ__A)
                  20001c74    0000004c     empty_pem4f.oem4f (.data:ti_sysbios_knl_Task_Object__table__V)
                  20001cc0    00000044     empty_pem4f.oem4f (.data:ti_sysbios_knl_Task_Module__state__V)
                  20001d04    00000040     empty_pem4f.oem4f (.data:ti_sysbios_family_arm_lm4_Timer_Module_State_0_device__A)
                  20001d44    00000040     empty_pem4f.oem4f (.data:ti_sysbios_family_arm_lm4_Timer_Object__table__V)
                  20001d84    00000038     empty_pem4f.oem4f (.data:ti_sysbios_gates_GateMutex_Object__table__V)
                  20001dbc    00000034     empty_pem4f.oem4f (.data:ti_sysbios_family_arm_m3_Hwi_Module__state__V)
                  20001df0    00000030     empty_pem4f.oem4f (.data:ti_sysbios_knl_Swi_Object__table__V)
                  20001e20    0000002c     empty_pem4f.oem4f (.data:ti_sysbios_knl_Clock_Module__state__V)
                  20001e4c    00000024     EK_TM4C1294XL.obj (.data:gpioPinConfigs)
                  20001e70    00000024     empty_pem4f.oem4f (.data:ti_sysbios_BIOS_Module__state__V)
                  20001e94    00000020     empty_pem4f.oem4f (.data:ti_sysbios_family_arm_lm4_Timer_Module_State_0_handles__A)
                  20001eb4    0000001c     empty_pem4f.oem4f (.data:ti_sysbios_knl_Swi_Module__state__V)
                  20001ed0    00000018     empty_pem4f.oem4f (.data:ti_sysbios_family_arm_m3_Hwi_Object__table__V)
                  20001ee8    00000018     empty_pem4f.oem4f (.data:ti_sysbios_heaps_HeapMem_Object__table__V)
                  20001f00    0000000c     empty_pem4f.oem4f (.data:ti_sysbios_family_arm_lm4_Timer_Module__state__V)
                  20001f0c    0000000c     empty_pem4f.oem4f (.data:xdc_runtime_SysMin_Module__state__V)
                  20001f18    00000008     rtsv7M4_T_le_v4SPD16_eabi.lib : _lock.c.obj (.data:$O1$$)
                  20001f20    00000008     EK_TM4C1294XL.obj (.data:gpioCallbackFunctions)
                  20001f28    00000008     empty_pem4f.oem4f (.data:ti_sysbios_family_arm_m3_Hwi_Module__root__V)
                  20001f30    00000008     empty_pem4f.oem4f (.data:ti_sysbios_gates_GateHwi_Module__root__V)
                  20001f38    00000008     empty_pem4f.oem4f (.data:ti_sysbios_gates_GateMutex_Module__root__V)
                  20001f40    00000008     empty_pem4f.oem4f (.data:ti_sysbios_heaps_HeapMem_Module__root__V)
                  20001f48    00000008     empty_pem4f.oem4f (.data:ti_sysbios_knl_Clock_Module__root__V)
                  20001f50    00000008     empty_pem4f.oem4f (.data:ti_sysbios_knl_Queue_Module__root__V)
                  20001f58    00000008     empty_pem4f.oem4f (.data:ti_sysbios_knl_Semaphore_Module__root__V)
                  20001f60    00000008     empty_pem4f.oem4f (.data:ti_sysbios_knl_Task_Module__root__V)
                  20001f68    00000008     empty_pem4f.oem4f (.data:xdc_runtime_Registry_Module__state__V)
                  20001f70    00000008     empty_pem4f.oem4f (.data:xdc_runtime_Startup_Module__state__V)
                  20001f78    00000008     empty_pem4f.oem4f (.data:xdc_runtime_System_Module_State_0_atexitHandlers__A)
                  20001f80    00000008     empty_pem4f.oem4f (.data:xdc_runtime_System_Module__state__V)
                  20001f88    00000005     drivers_tivaware.aem4f : GPIOTiva.oem4f (.data)
                  20001f8d    00000001     --HOLE--
                  20001f8e    00000002     empty_pem4f.oem4f (.data:ti_sysbios_family_arm_m3_Hwi_Module_State_0_excActive__A)
                  20001f90    00000004     drivers_tivaware.aem4f : UART.oem4f (.data)
                  20001f94    00000004     rtsv7M4_T_le_v4SPD16_eabi.lib : stkdepth_vars.c.obj (.data)
                  20001f98    00000004     empty_pem4f.oem4f (.data:ti_sysbios_family_arm_m3_Hwi_Module_State_0_excContext__A)
                  20001f9c    00000004     empty_pem4f.oem4f (.data:ti_sysbios_family_arm_m3_Hwi_Module_State_0_excStack__A)
                  20001fa0    00000004     empty_pem4f.oem4f (.data:ti_sysbios_gates_GateHwi_Object__table__V)
                  20001fa4    00000004     empty_pem4f.oem4f (.data:ti_sysbios_knl_Task_Module_State_0_idleTask__A)
                  20001fa8    00000004     empty_pem4f.oem4f (.data:xdc_runtime_Memory_Module__state__V)
                  20001fac    00000002     empty_pem4f.oem4f (.data:xdc_runtime_Error_Module__state__V)

.stack     0    20001fb0    00000300     UNINITIALIZED
                  20001fb0    00000300     --HOLE--

.bootVecs 
*          0    00000000    00000008     DSECT
                  00000000    00000008     boot.aem4f : boot.oem4f (.bootVecs)

.vecs      0    20000000    00000360     UNINITIALIZED
                  20000000    00000360     empty_pem4f.oem4f (.vecs)

xdc.meta   0    00000000    000000f6     COPY SECTION
                  00000000    000000f6     empty_pem4f.oem4f (xdc.meta)

MODULE SUMMARY

       Module                       code    ro data   rw data
       ------                       ----    -------   -------
    .\
       main.obj                     474     6         2720   
       EK_TM4C1294XL.obj            272     104       516    
    +--+----------------------------+-------+---------+---------+
       Total:                       746     110       3236   
                                                             
    C:\Users\Andin\workspace_v7\UART_sensor_test_EK_TM4C1294XL_TI\Debug\configPkg\package\cfg\
       empty_pem4f.oem4f            1890    7788      4408   
    +--+----------------------------+-------+---------+---------+
       Total:                       1890    7788      4408   
                                                             
    C:/ti/tirtos_tivac_2_16_00_08/products/TivaWare_C_Series-2.1.1.71b/driverlib/ccs/Debug/driverlib.lib
       gpio.obj                     554     144       0      
       uart.obj                     226     0         0      
       sysctl.obj                   52      0         0      
    +--+----------------------------+-------+---------+---------+
       Total:                       832     144       0      
                                                             
    C:/ti/tirtos_tivac_2_16_00_08/products/tidrivers_tivac_2_16_00_08/packages/ti/drivers/lib/drivers_tivaware.aem4f
       UARTTiva.oem4f               2262    116       0      
       GPIOTiva.oem4f               844     156       153    
       UART.oem4f                   148     36        4      
       RingBuf.oem4f                164     0         0      
    +--+----------------------------+-------+---------+---------+
       Total:                       3418    308       157    
                                                             
    C:\Users\Andin\workspace_v7\UART_sensor_test_EK_TM4C1294XL_TI\src\sysbios\sysbios.aem4f
       BIOS.obj                     12516   0         0      
       m3_Hwi_asm.obj               314     0         0      
       m3_TaskSupport_asm.obj       180     0         0      
       m3_Hwi_asm_switch.obj        118     0         0      
    +--+----------------------------+-------+---------+---------+
       Total:                       13128   0         0      
                                                             
    C:\ti\ccsv7\tools\compiler\ti-cgt-arm_18.1.1.LTS\lib\rtsv7M4_T_le_v4SPD16_eabi.lib
       trgmsg.c.obj                 108     0         288    
       memcpy_t2.asm.obj            156     0         0      
       memset_t2.asm.obj            122     0         0      
       copy_decompress_lzss.c.obj   104     0         0      
       hostwrite.c.obj              88      0         0      
       cpy_tbl.c.obj                76      0         0      
       u_divt2.asm.obj              64      0         0      
       _lock.c.obj                  26      0         8      
       args_main.c.obj              24      0         0      
       strlen.c.obj                 20      0         0      
       copy_decompress_none.c.obj   14      0         0      
       copy_zero_init.c.obj         12      0         0      
       hostopen.c.obj               0       0         8      
       exit.c.obj                   4       0         0      
       stkdepth_vars.c.obj          0       0         4      
       div0.asm.obj                 2       0         0      
    +--+----------------------------+-------+---------+---------+
       Total:                       820     0         308    
                                                             
    C:\ti\tirtos_tivac_2_16_00_08\products\bios_6_45_01_29\packages\ti\catalog\arm\cortexm4\tiva\ce\lib\Boot.aem4f
       Boot_sysctl.oem4f            628     452       0      
       Boot.oem4f                   152     0         0      
    +--+----------------------------+-------+---------+---------+
       Total:                       780     452       0      
                                                             
    C:\ti\tirtos_tivac_2_16_00_08\products\bios_6_45_01_29\packages\ti\targets\arm\rtsarm\lib\auto_init.aem4f
       auto_init.oem4f              160     0         0      
    +--+----------------------------+-------+---------+---------+
       Total:                       160     0         0      
                                                             
    C:\ti\tirtos_tivac_2_16_00_08\products\bios_6_45_01_29\packages\ti\targets\arm\rtsarm\lib\boot.aem4f
       boot.oem4f                   88      0         0      
    +--+----------------------------+-------+---------+---------+
       Total:                       88      0         0      
                                                             
    C:\ti\tirtos_tivac_2_16_00_08\products\bios_6_45_01_29\packages\ti\targets\arm\rtsarm\lib\ti.targets.arm.rtsarm.aem4f
       System.oem4f                 1255    0         0      
       Text.oem4f                   672     0         0      
       Error.oem4f                  524     0         0      
       Core-mem.oem4f               358     0         0      
       Startup.oem4f                328     0         0      
       SysMin.oem4f                 248     0         0      
       Core-smem.oem4f              204     0         0      
       Memory.oem4f                 176     0         0      
       Assert.oem4f                 84      0         0      
       Core-params.oem4f            70      0         0      
       Core-label.oem4f             52      0         0      
       Registry.oem4f               32      0         0      
       Gate.oem4f                   28      0         0      
    +--+----------------------------+-------+---------+---------+
       Total:                       4031    0         0      
                                                             
       Stack:                       0       0         768    
       Linker Generated:            0       541       0      
    +--+----------------------------+-------+---------+---------+
       Grand Total:                 25893   9343      8877   


LINKER GENERATED COPY TABLES

__TI_cinit_table @ 00008a30 records: 3, size/record: 8, table size: 24
	.data: load addr=00008828, load size=000001e9 bytes, run addr=20001b74, run size=0000043a bytes, compression=lzss
	.bss: load addr=00008a20, load size=00000008 bytes, run addr=20000360, run size=00001814 bytes, compression=zero_init
	.vecs: load addr=00008a28, load size=00000008 bytes, run addr=20000000, run size=00000360 bytes, compression=zero_init


LINKER GENERATED HANDLER TABLE

__TI_handler_table @ 00008a14 records: 3, size/record: 4, table size: 12
	index: 0, handler: __TI_decompress_lzss
	index: 1, handler: __TI_decompress_none
	index: 2, handler: __TI_zero_init


GLOBAL SYMBOLS: SORTED ALPHABETICALLY BY Name 

address   name                                                                 
-------   ----                                                                 
00000cfd  C$$EXIT                                                              
000054f3  C$$IO$$                                                              
00006545  EK_TM4C1294XL_initGPIO                                               
00002f65  EK_TM4C1294XL_initGeneral                                            
00004aa5  EK_TM4C1294XL_initUART                                               
00005ae9  GPIODirModeSet                                                       
00003d13  GPIOIntClear                                                         
000063a1  GPIOIntStatus                                                        
00004951  GPIOIntTypeSet                                                       
00002335  GPIOPadConfigSet                                                     
00004efd  GPIOPinConfigure                                                     
00003f13  GPIOPinRead                                                          
00006255  GPIOPinTypeUART                                                      
00006589  GPIOPinWrite                                                         
000085e8  GPIOTiva_config                                                      
00004361  GPIO_hwiIntFxn                                                       
00003ae5  GPIO_init                                                            
00004af5  GPIO_setCallback                                                     
00001e25  GPIO_setConfig                                                       
00004b45  GPIO_toggle                                                          
00004b95  GPIO_write                                                           
00004849  HOSTwrite                                                            
00006267  RingBuf_construct                                                    
000052cf  RingBuf_get                                                          
000063f7  RingBuf_peek                                                         
00005021  RingBuf_put                                                          
UNDEFED   SHT$$INIT_ARRAY$$Base                                                
UNDEFED   SHT$$INIT_ARRAY$$Limit                                               
00005619  SysCtlPeripheralEnable                                               
000064f5  UARTCharGet                                                          
000063af  UARTCharGetNonBlocking                                               
000064ff  UARTCharPut                                                          
000063bd  UARTCharPutNonBlocking                                               
00005209  UARTConfigSetExpClk                                                  
00005ea1  UARTDisable                                                          
000061c5  UARTEnable                                                           
0000658f  UARTFIFOLevelSet                                                     
00006403  UARTFlowControlSet                                                   
00002d29  UARTFxn                                                              
000007bd  UARTIntClear                                                         
00006509  UARTIntDisable                                                       
0000654d  UARTIntEnable                                                        
00006513  UARTIntStatus                                                        
00006595  UARTRxErrorClear                                                     
00006555  UARTRxErrorGet                                                       
00004d79  UARTTiva_close                                                       
00003b71  UARTTiva_control                                                     
00008334  UARTTiva_fxnTable                                                    
0000640f  UARTTiva_init                                                        
00001185  UARTTiva_open                                                        
0000530f  UARTTiva_read                                                        
000055e1  UARTTiva_readCancel                                                  
000037ef  UARTTiva_readPolling                                                 
00003921  UARTTiva_write                                                       
00004be5  UARTTiva_writeCancel                                                 
0000528d  UARTTiva_writePolling                                                
0000608d  UART_Params_init                                                     
00008384  UART_config                                                          
000083a8  UART_defaultParams                                                   
0000548d  UART_init                                                            
000057f5  UART_open                                                            
0000651d  UART_read                                                            
00006527  UART_write                                                           
00000000  __ASM__                                                              
20001858  __CIOBUF_                                                            
00000074  __ISA__                                                              
00000087  __PLAT__                                                             
200022b0  __STACK_END                                                          
00000300  __STACK_SIZE                                                         
000000a8  __TARG__                                                             
00008a30  __TI_CINIT_Base                                                      
00008a48  __TI_CINIT_Limit                                                     
00008a14  __TI_Handler_Table_Base                                              
00008a20  __TI_Handler_Table_Limit                                             
000034dd  __TI_auto_init                                                       
00004291  __TI_decompress_lzss                                                 
000063cb  __TI_decompress_none                                                 
ffffffff  __TI_pprof_out_hndl                                                  
[...]
000065a9  ti_sysbios_family_arm_m3_Hwi_restoreFxn__E                           
000065a9  ti_sysbios_hal_Hwi_HwiProxy_restore__E                               
000065b1  ti_sysbios_gates_GateHwi_leave__E                                    
000065b9  ti_sysbios_heaps_HeapMem_isBlocking__E                               
000065c1  ti_sysbios_knl_Clock_stop__E                                         
000065c9  ti_sysbios_knl_Queue_Instance_init__E                                
000065d1  ti_sysbios_knl_Swi_startup__E                                        
000065d9  ti_sysbios_gates_GateHwi_query__E                                    
000065d9  xdc_runtime_Main_Module_GateProxy_query__E                           
000065d9  xdc_runtime_System_Module_GateProxy_query__E                         
000065e1  ti_sysbios_BIOS_RtsGateProxy_query__E                                
000065e1  ti_sysbios_gates_GateMutex_query__E                                  
000065e1  ti_sysbios_heaps_HeapMem_Module_GateProxy_query__E                   
000065e9  ti_sysbios_knl_Task_startup__E                                       
000065f1  ti_sysbios_gates_GateHwi_Instance_init__E                            
000065f9  ti_sysbios_knl_Clock_logTick__E                                      
000065fc  xdc_runtime_Text_charTab__A                                          
00007e5f  xdc_runtime_Error_policy__C                                          
00007f80  xdc_runtime_Text_nodeTab__A                                          
00008268  ti_sysbios_knl_Task_Object__PARAMS__C                                
000082d4  ti_sysbios_family_arm_m3_Hwi_Object__PARAMS__C                       
00008304  uartTivaHWAttrs                                                      
00008334  UARTTiva_fxnTable                                                    
0000835c  ti_sysbios_heaps_HeapMem_Module__FXNS__C                             
00008384  UART_config                                                          
000083a8  UART_defaultParams                                                   
000083cc  ti_sysbios_gates_GateHwi_Module__FXNS__C                             
000083f0  ti_sysbios_gates_GateMutex_Module__FXNS__C                           
00008414  ti_sysbios_heaps_HeapMem_Object__PARAMS__C                           
00008438  ti_sysbios_knl_Clock_Object__PARAMS__C                               
0000845c  ti_sysbios_knl_Semaphore_Object__PARAMS__C                           
00008480  ti_sysbios_family_arm_m3_Hwi_Object__DESC__C                         
000084a0  ti_sysbios_gates_GateHwi_Object__DESC__C                             
000084c0  ti_sysbios_gates_GateMutex_Object__DESC__C                           
000084e0  ti_sysbios_heaps_HeapMem_Object__DESC__C                             
00008500  ti_sysbios_knl_Clock_Object__DESC__C                                 
00008520  ti_sysbios_knl_Queue_Object__DESC__C                                 
00008540  ti_sysbios_knl_Semaphore_Object__DESC__C                             
00008560  ti_sysbios_knl_Task_Object__DESC__C                                  
00008580  xdc_runtime_Startup_sfxnTab__A                                       
000085a0  ti_sysbios_gates_GateHwi_Object__PARAMS__C                           
000085b8  ti_sysbios_gates_GateMutex_Object__PARAMS__C                         
000085d0  ti_sysbios_knl_Queue_Object__PARAMS__C                               
000085e8  GPIOTiva_config                                                      
000085fc  xdc_runtime_Startup_firstFxns__A                                     
00008610  xdc_runtime_Startup_sfxnRts__A                                       
00008628  ti_sysbios_family_arm_m3_Hwi_excHookFuncs__A                         
00008630  ti_sysbios_knl_Idle_funcList__C                                      
00008638  xdc_runtime_Startup_firstFxns__C                                     
00008640  xdc_runtime_Startup_lastFxns__C                                      
0000864c  ti_catalog_arm_cortexm4_tiva_ce_Boot_A_mustNotUseEnhancedClockMode__C
00008650  ti_catalog_arm_cortexm4_tiva_ce_Boot_Module__diagsEnabled__C         
00008654  ti_catalog_arm_cortexm4_tiva_ce_Boot_Module__diagsIncluded__C        
00008658  ti_catalog_arm_cortexm4_tiva_ce_Boot_Module__diagsMask__C            
0000865c  ti_sysbios_family_arm_lm4_Timer_enableFunc__C                        
00008660  ti_sysbios_family_arm_lm4_Timer_numTimerDevices__C                   
00008664  ti_sysbios_family_arm_lm4_Timer_startupNeeded__C                     
00008668  ti_sysbios_family_arm_m3_Hwi_E_NMI__C                                
0000866c  ti_sysbios_family_arm_m3_Hwi_E_alreadyDefined__C                     
00008670  ti_sysbios_family_arm_m3_Hwi_E_busFault__C                           
00008674  ti_sysbios_family_arm_m3_Hwi_E_debugMon__C                           
00008678  ti_sysbios_family_arm_m3_Hwi_E_hardFault__C                          
0000867c  ti_sysbios_family_arm_m3_Hwi_E_memFault__C                           
00008680  ti_sysbios_family_arm_m3_Hwi_E_noIsr__C                              
00008684  ti_sysbios_family_arm_m3_Hwi_E_reserved__C                           
00008688  ti_sysbios_family_arm_m3_Hwi_E_svCall__C                             
0000868c  ti_sysbios_family_arm_m3_Hwi_E_usageFault__C                         
00008690  ti_sysbios_family_arm_m3_Hwi_NUM_INTERRUPTS__C                       
00008694  ti_sysbios_family_arm_m3_Hwi_Object__count__C                        
00008698  ti_sysbios_family_arm_m3_Hwi_ccr__C                                  
0000869c  ti_sysbios_family_arm_m3_Hwi_excHandlerFunc__C                       
000086a0  ti_sysbios_family_arm_m3_Hwi_excHookFuncs__C                         
000086a4  ti_sysbios_family_arm_m3_Hwi_nullIsrFunc__C                          
000086a8  ti_sysbios_family_arm_m3_Hwi_priGroup__C                             
000086ac  ti_sysbios_family_arm_m3_TaskSupport_stackAlignment__C               
000086b0  ti_sysbios_gates_GateMutex_A_badContext__C                           
000086b4  ti_sysbios_gates_GateMutex_Instance_State_sem__O                     
000086b8  ti_sysbios_gates_GateMutex_Module__diagsEnabled__C                   
000086bc  ti_sysbios_gates_GateMutex_Module__diagsIncluded__C                  
000086c0  ti_sysbios_gates_GateMutex_Module__diagsMask__C                      
000086c4  ti_sysbios_hal_Hwi_E_stackOverflow__C                                
000086c8  ti_sysbios_heaps_HeapMem_A_align__C                                  
000086cc  ti_sysbios_heaps_HeapMem_A_heapSize__C                               
000086d0  ti_sysbios_heaps_HeapMem_A_invalidFree__C                            
000086d4  ti_sysbios_heaps_HeapMem_A_zeroBlock__C                              
000086d8  ti_sysbios_heaps_HeapMem_E_memory__C                                 
000086dc  ti_sysbios_heaps_HeapMem_Module__diagsEnabled__C                     
000086e0  ti_sysbios_heaps_HeapMem_Module__diagsIncluded__C                    
000086e4  ti_sysbios_heaps_HeapMem_Module__diagsMask__C                        
000086e8  ti_sysbios_heaps_HeapMem_Module__gateObj__C                          
000086ec  ti_sysbios_heaps_HeapMem_Object__count__C                            
000086f0  ti_sysbios_heaps_HeapMem_reqAlign__C                                 
000086f4  ti_sysbios_knl_Clock_A_badThreadType__C                              
000086f8  ti_sysbios_knl_Clock_Module_State_clockQ__O                          
000086fc  ti_sysbios_knl_Clock_Module__diagsEnabled__C                         
00008700  ti_sysbios_knl_Clock_Module__diagsIncluded__C                        
00008704  ti_sysbios_knl_Clock_Module__diagsMask__C                            
00008708  ti_sysbios_knl_Idle_funcList__A                                      
0000870c  ti_sysbios_knl_Semaphore_A_badContext__C                             
00008710  ti_sysbios_knl_Semaphore_A_noEvents__C                               
00008714  ti_sysbios_knl_Semaphore_A_overflow__C                               
00008718  ti_sysbios_knl_Semaphore_A_pendTaskDisabled__C                       
0000871c  ti_sysbios_knl_Semaphore_Instance_State_pendQ__O                     
00008720  ti_sysbios_knl_Semaphore_Module__diagsEnabled__C                     
00008724  ti_sysbios_knl_Semaphore_Module__diagsIncluded__C                    
00008728  ti_sysbios_knl_Semaphore_Module__diagsMask__C                        
0000872c  ti_sysbios_knl_Swi_Object__count__C                                  
00008730  ti_sysbios_knl_Task_A_badPriority__C                                 
00008734  ti_sysbios_knl_Task_A_badTaskState__C                                
00008738  ti_sysbios_knl_Task_A_badThreadType__C                               
0000873c  ti_sysbios_knl_Task_A_badTimeout__C                                  
00008740  ti_sysbios_knl_Task_A_noPendElem__C                                  
00008744  ti_sysbios_knl_Task_A_sleepTaskDisabled__C                           
00008748  ti_sysbios_knl_Task_E_spOutOfBounds__C                               
0000874c  ti_sysbios_knl_Task_E_stackOverflow__C                               
00008750  ti_sysbios_knl_Task_Module_State_inactiveQ__O                        
00008754  ti_sysbios_knl_Task_Module__diagsEnabled__C                          
00008758  ti_sysbios_knl_Task_Module__diagsIncluded__C                         
0000875c  ti_sysbios_knl_Task_Module__diagsMask__C                             
00008760  ti_sysbios_knl_Task_Object__count__C                                 
00008764  ti_sysbios_knl_Task_allBlockedFunc__C                                
00008768  ti_sysbios_knl_Task_defaultStackHeap__C                              
0000876c  ti_sysbios_knl_Task_defaultStackSize__C                              
00008770  ti_sysbios_knl_Task_numConstructedTasks__C                           
00008774  xdc_runtime_Assert_E_assertFailed__C                                 
00008778  xdc_runtime_Core_A_initializedParams__C                              
0000877c  xdc_runtime_Core_Module__diagsEnabled__C                             
00008780  xdc_runtime_Core_Module__diagsIncluded__C                            
00008784  xdc_runtime_Core_Module__diagsMask__C                                
00008788  xdc_runtime_Error_E_memory__C                                        
0000878c  xdc_runtime_Error_Module__diagsEnabled__C                            
00008790  xdc_runtime_Error_Module__diagsIncluded__C                           
00008794  xdc_runtime_Error_Module__diagsMask__C                               
00008798  xdc_runtime_Error_Module__loggerFxn8__C                              
0000879c  xdc_runtime_Error_Module__loggerObj__C                               
000087a0  xdc_runtime_Error_policyFxn__C                                       
000087a4  xdc_runtime_Error_raiseHook__C                                       
000087a8  xdc_runtime_IGateProvider_Interface__BASE__C                         
000087ac  xdc_runtime_IHeap_Interface__BASE__C                                 
000087b0  xdc_runtime_IModule_Interface__BASE__C                               
000087b4  xdc_runtime_Log_L_error__C                                           
000087b8  xdc_runtime_Memory_defaultHeapInstance__C                            
000087bc  xdc_runtime_Startup_execImpl__C                                      
000087c0  xdc_runtime_Startup_maxPasses__C                                     
000087c4  xdc_runtime_Startup_sfxnRts__C                                       
000087c8  xdc_runtime_Startup_sfxnTab__C                                       
000087cc  xdc_runtime_SysMin_bufSize__C                                        
000087d0  xdc_runtime_SysMin_outputFunc__C                                     
000087d4  xdc_runtime_System_Module__gateObj__C                                
000087d8  xdc_runtime_System_abortFxn__C                                       
000087dc  xdc_runtime_System_exitFxn__C                                        
000087e0  xdc_runtime_System_extendFxn__C                                      
000087e4  xdc_runtime_System_maxAtexitHandlers__C                              
000087e8  xdc_runtime_Text_charTab__C                                          
000087ec  xdc_runtime_Text_nameEmpty__C                                        
000087f0  xdc_runtime_Text_nameStatic__C                                       
000087f4  xdc_runtime_Text_nameUnknown__C                                      
000087f8  xdc_runtime_Text_nodeTab__C                                          
000087fc  xdc_runtime_Text_visitRopeFxn__C                                     
00008800  ti_catalog_arm_cortexm4_tiva_ce_Boot_Module__id__C                   
00008802  ti_sysbios_family_arm_m3_Hwi_Module__id__C                           
00008804  ti_sysbios_gates_GateMutex_Module__id__C                             
00008806  ti_sysbios_hal_Hwi_Module__id__C                                     
00008808  ti_sysbios_heaps_HeapMem_Module__id__C                               
0000880a  ti_sysbios_knl_Clock_Module__id__C                                   
0000880c  ti_sysbios_knl_Semaphore_Module__id__C                               
0000880e  ti_sysbios_knl_Task_Module__id__C                                    
00008810  xdc_runtime_Core_Module__id__C                                       
00008812  xdc_runtime_Error_Module__loggerDefined__C                           
00008814  xdc_runtime_Error_maxDepth__C                                        
00008816  xdc_runtime_Memory_Module__id__C                                     
00008818  xdc_runtime_SysMin_flushAtExit__C                                    
0000881a  xdc_runtime_Text_charCnt__C                                          
0000881c  xdc_runtime_Text_isLoaded__C                                         
0000881e  xdc_runtime_Text_registryModsLastId__C                               
00008820  xdc_runtime_Text_unnamedModsLastId__C                                
00008828  __TI_static_base__                                                   
00008a14  __TI_Handler_Table_Base                                              
00008a20  __TI_Handler_Table_Limit                                             
00008a30  __TI_CINIT_Base                                                      
00008a48  __TI_CINIT_Limit                                                     
20000000  ti_sysbios_family_arm_m3_Hwi_ramVectors                              
20000360  task1Stack                                                           
20000b60  ti_sysbios_heaps_HeapMem_Instance_State_0_buf__A                     
20000f60  ti_sysbios_family_arm_m3_Hwi_dispatchTable                           
200012c0  ti_sysbios_knl_Task_Instance_State_0_stack__A                        
200014c0  task0Stack                                                           
200016c0  uartTivaObjects                                                      
20001858  __CIOBUF_                                                            
20001a08  xdc_runtime_SysMin_Module_State_0_outbuf__A                          
20001a88  task0Struct                                                          
20001ad8  task1Struct                                                          
20001b28  uartTivaRingBuffer                                                   
20001b68  parmbuf                                                              
20001b74  ti_sysbios_knl_Swi_Module_State_0_readyQ__A                          
20001bf4  ti_sysbios_knl_Task_Module_State_0_readyQ__A                         
20001c74  ti_sysbios_knl_Task_Object__table__V                                 
20001cc0  ti_sysbios_knl_Task_Module__state__V                                 
20001d04  ti_sysbios_family_arm_lm4_Timer_Module_State_0_device__A             
20001d44  ti_sysbios_family_arm_lm4_Timer_Object__table__V                     
20001d84  ti_sysbios_gates_GateMutex_Object__table__V                          
20001dbc  ti_sysbios_family_arm_m3_Hwi_Module__state__V                        
20001df0  ti_sysbios_knl_Swi_Object__table__V                                  
20001e20  ti_sysbios_knl_Clock_Module__state__V                                
20001e4c  gpioPinConfigs                                                       
20001e70  ti_sysbios_BIOS_Module__state__V                                     
20001e94  ti_sysbios_family_arm_lm4_Timer_Module_State_0_handles__A            
20001eb4  ti_sysbios_knl_Swi_Module__state__V                                  
20001ed0  ti_sysbios_family_arm_m3_Hwi_Object__table__V                        
20001ee8  ti_sysbios_heaps_HeapMem_Object__table__V                            
20001f00  ti_sysbios_family_arm_lm4_Timer_Module__state__V                     
20001f0c  xdc_runtime_SysMin_Module__state__V                                  
20001f18  _lock                                                                
20001f1c  _unlock                                                              
20001f20  gpioCallbackFunctions                                                
20001f28  ti_sysbios_family_arm_m3_Hwi_Module__root__V                         
20001f30  ti_sysbios_gates_GateHwi_Module__root__V                             
20001f38  ti_sysbios_gates_GateMutex_Module__root__V                           
20001f40  ti_sysbios_heaps_HeapMem_Module__root__V                             
20001f48  ti_sysbios_knl_Clock_Module__root__V                                 
20001f50  ti_sysbios_knl_Queue_Module__root__V                                 
20001f58  ti_sysbios_knl_Semaphore_Module__root__V                             
20001f60  ti_sysbios_knl_Task_Module__root__V                                  
20001f68  xdc_runtime_Registry_Module__state__V                                
20001f70  xdc_runtime_Startup_Module__state__V                                 
20001f78  xdc_runtime_System_Module_State_0_atexitHandlers__A                  
20001f80  xdc_runtime_System_Module__state__V                                  
20001f8e  ti_sysbios_family_arm_m3_Hwi_Module_State_0_excActive__A             
20001f94  main_func_sp                                                         
20001f98  ti_sysbios_family_arm_m3_Hwi_Module_State_0_excContext__A            
20001f9c  ti_sysbios_family_arm_m3_Hwi_Module_State_0_excStack__A              
20001fa0  ti_sysbios_gates_GateHwi_Object__table__V                            
20001fa4  ti_sysbios_knl_Task_Module_State_0_idleTask__A                       
20001fa8  xdc_runtime_Memory_Module__state__V                                  
20001fac  xdc_runtime_Error_Module__state__V                                   
20001fb0  __stack                                                              
200022b0  __STACK_END                                                          
e000e000  ti_sysbios_family_arm_m3_Hwi_nvic                                    
ffffffff  __TI_pprof_out_hndl                                                  
ffffffff  __TI_prof_data_size                                                  
ffffffff  __TI_prof_data_start                                                 
ffffffff  __binit__                                                            
ffffffff  __c_args__                                                           
ffffffff  binit                                                                
UNDEFED   SHT$$INIT_ARRAY$$Base                                                
UNDEFED   SHT$$INIT_ARRAY$$Limit                                               

[607 symbols]
